src/pages/Workout.tsx(5,20): error TS2307: Cannot find module '@/lib/utils' or its corresponding type declarations.
src/pages/Workout.tsx(6,31): error TS2307: Cannot find module '@/context/AppContext' or its corresponding type declarations.
src/pages/Workout.tsx(7,66): error TS2307: Cannot find module '@/data/exerciseLibrary' or its corresponding type declarations.
src/pages/Workout.tsx(195,18): error TS2802: Type 'Set<ExerciseDef>' can only be iterated through when using the '--downlevelIteration' flag or with a '--target' of 'es2015' or higher.
src/pages/Workout.tsx(534,7): error TS17004: Cannot use JSX unless the '--jsx' flag is provided.
src/pages/Workout.tsx(535,9): error TS17004: Cannot use JSX unless the '--jsx' flag is provided.
src/pages/Workout.tsx(537,11): error TS17004: Cannot use JSX unless the '--jsx' flag is provided.
src/pages/Workout.tsx(538,13): error TS17004: Cannot use JSX unless the '--jsx' flag is provided.
src/pages/Workout.tsx(539,15): error TS17004: Cannot use JSX unless the '--jsx' flag is provided.
src/pages/Workout.tsx(542,15): error TS17004: Cannot use JSX unless the '--jsx' flag is provided.
src/pages/Workout.tsx(543,17): error TS17004: Cannot use JSX unless the '--jsx' flag is provided.
src/pages/Workout.tsx(545,15): error TS17004: Cannot use JSX unless the '--jsx' flag is provided.
src/pages/Workout.tsx(550,13): error TS17004: Cannot use JSX unless the '--jsx' flag is provided.
src/pages/Workout.tsx(554,15): error TS17004: Cannot use JSX unless the '--jsx' flag is provided.
src/pages/Workout.tsx(555,17): error TS17004: Cannot use JSX unless the '--jsx' flag is provided.
src/pages/Workout.tsx(557,15): error TS17004: Cannot use JSX unless the '--jsx' flag is provided.
src/pages/Workout.tsx(558,17): error TS17004: Cannot use JSX unless the '--jsx' flag is provided.
src/pages/Workout.tsx(559,17): error TS17004: Cannot use JSX unless the '--jsx' flag is provided.
src/pages/Workout.tsx(564,11): error TS17004: Cannot use JSX unless the '--jsx' flag is provided.
src/pages/Workout.tsx(567,13): error TS17004: Cannot use JSX unless the '--jsx' flag is provided.
src/pages/Workout.tsx(570,15): error TS17004: Cannot use JSX unless the '--jsx' flag is provided.
src/pages/Workout.tsx(571,17): error TS17004: Cannot use JSX unless the '--jsx' flag is provided.
src/pages/Workout.tsx(572,17): error TS17004: Cannot use JSX unless the '--jsx' flag is provided.
src/pages/Workout.tsx(573,19): error TS17004: Cannot use JSX unless the '--jsx' flag is provided.
src/pages/Workout.tsx(574,21): error TS17004: Cannot use JSX unless the '--jsx' flag is provided.
src/pages/Workout.tsx(575,23): error TS17004: Cannot use JSX unless the '--jsx' flag is provided.
src/pages/Workout.tsx(576,25): error TS17004: Cannot use JSX unless the '--jsx' flag is provided.
src/pages/Workout.tsx(578,23): error TS17004: Cannot use JSX unless the '--jsx' flag is provided.
src/pages/Workout.tsx(579,25): error TS17004: Cannot use JSX unless the '--jsx' flag is provided.
src/pages/Workout.tsx(580,25): error TS17004: Cannot use JSX unless the '--jsx' flag is provided.
src/pages/Workout.tsx(584,23): error TS17004: Cannot use JSX unless the '--jsx' flag is provided.
src/pages/Workout.tsx(585,25): error TS17004: Cannot use JSX unless the '--jsx' flag is provided.
src/pages/Workout.tsx(586,27): error TS17004: Cannot use JSX unless the '--jsx' flag is provided.
src/pages/Workout.tsx(587,27): error TS17004: Cannot use JSX unless the '--jsx' flag is provided.
src/pages/Workout.tsx(589,25): error TS17004: Cannot use JSX unless the '--jsx' flag is provided.
src/pages/Workout.tsx(602,21): error TS17004: Cannot use JSX unless the '--jsx' flag is provided.
src/pages/Workout.tsx(603,23): error TS17004: Cannot use JSX unless the '--jsx' flag is provided.
src/pages/Workout.tsx(604,23): error TS17004: Cannot use JSX unless the '--jsx' flag is provided.
src/pages/Workout.tsx(607,21): error TS17004: Cannot use JSX unless the '--jsx' flag is provided.
src/pages/Workout.tsx(608,23): error TS17004: Cannot use JSX unless the '--jsx' flag is provided.
src/pages/Workout.tsx(609,25): error TS17004: Cannot use JSX unless the '--jsx' flag is provided.
src/pages/Workout.tsx(613,23): error TS17004: Cannot use JSX unless the '--jsx' flag is provided.
src/pages/Workout.tsx(615,27): error TS17004: Cannot use JSX unless the '--jsx' flag is provided.
src/pages/Workout.tsx(616,29): error TS17004: Cannot use JSX unless the '--jsx' flag is provided.
src/pages/Workout.tsx(617,29): error TS17004: Cannot use JSX unless the '--jsx' flag is provided.
src/pages/Workout.tsx(618,29): error TS17004: Cannot use JSX unless the '--jsx' flag is provided.
src/pages/Workout.tsx(624,21): error TS17004: Cannot use JSX unless the '--jsx' flag is provided.
src/pages/Workout.tsx(625,23): error TS17004: Cannot use JSX unless the '--jsx' flag is provided.
src/pages/Workout.tsx(634,15): error TS17004: Cannot use JSX unless the '--jsx' flag is provided.
src/pages/Workout.tsx(635,17): error TS17004: Cannot use JSX unless the '--jsx' flag is provided.
src/pages/Workout.tsx(637,17): error TS17004: Cannot use JSX unless the '--jsx' flag is provided.
src/pages/Workout.tsx(638,19): error TS17004: Cannot use JSX unless the '--jsx' flag is provided.
src/pages/Workout.tsx(639,21): error TS17004: Cannot use JSX unless the '--jsx' flag is provided.
src/pages/Workout.tsx(640,23): error TS17004: Cannot use JSX unless the '--jsx' flag is provided.
src/pages/Workout.tsx(642,21): error TS17004: Cannot use JSX unless the '--jsx' flag is provided.
src/pages/Workout.tsx(644,19): error TS17004: Cannot use JSX unless the '--jsx' flag is provided.
src/pages/Workout.tsx(648,21): error TS17004: Cannot use JSX unless the '--jsx' flag is provided.
src/pages/Workout.tsx(653,19): error TS17004: Cannot use JSX unless the '--jsx' flag is provided.
src/pages/Workout.tsx(654,21): error TS17004: Cannot use JSX unless the '--jsx' flag is provided.
src/pages/Workout.tsx(655,21): error TS17004: Cannot use JSX unless the '--jsx' flag is provided.
src/pages/Workout.tsx(656,23): error TS17004: Cannot use JSX unless the '--jsx' flag is provided.
src/pages/Workout.tsx(657,25): error TS17004: Cannot use JSX unless the '--jsx' flag is provided.
src/pages/Workout.tsx(658,25): error TS17004: Cannot use JSX unless the '--jsx' flag is provided.
src/pages/Workout.tsx(665,23): error TS17004: Cannot use JSX unless the '--jsx' flag is provided.
src/pages/Workout.tsx(666,25): error TS17004: Cannot use JSX unless the '--jsx' flag is provided.
src/pages/Workout.tsx(667,25): error TS17004: Cannot use JSX unless the '--jsx' flag is provided.
src/pages/Workout.tsx(672,27): error TS17004: Cannot use JSX unless the '--jsx' flag is provided.
src/pages/Workout.tsx(673,27): error TS17004: Cannot use JSX unless the '--jsx' flag is provided.
src/pages/Workout.tsx(674,27): error TS17004: Cannot use JSX unless the '--jsx' flag is provided.
src/pages/Workout.tsx(677,23): error TS17004: Cannot use JSX unless the '--jsx' flag is provided.
src/pages/Workout.tsx(678,25): error TS17004: Cannot use JSX unless the '--jsx' flag is provided.
src/pages/Workout.tsx(679,25): error TS17004: Cannot use JSX unless the '--jsx' flag is provided.
src/pages/Workout.tsx(684,27): error TS17004: Cannot use JSX unless the '--jsx' flag is provided.
src/pages/Workout.tsx(685,27): error TS17004: Cannot use JSX unless the '--jsx' flag is provided.
src/pages/Workout.tsx(686,27): error TS17004: Cannot use JSX unless the '--jsx' flag is provided.
src/pages/Workout.tsx(687,27): error TS17004: Cannot use JSX unless the '--jsx' flag is provided.
src/pages/Workout.tsx(688,27): error TS17004: Cannot use JSX unless the '--jsx' flag is provided.
src/pages/Workout.tsx(691,23): error TS17004: Cannot use JSX unless the '--jsx' flag is provided.
src/pages/Workout.tsx(692,25): error TS17004: Cannot use JSX unless the '--jsx' flag is provided.
src/pages/Workout.tsx(693,25): error TS17004: Cannot use JSX unless the '--jsx' flag is provided.
src/pages/Workout.tsx(698,27): error TS17004: Cannot use JSX unless the '--jsx' flag is provided.
src/pages/Workout.tsx(699,27): error TS17004: Cannot use JSX unless the '--jsx' flag is provided.
src/pages/Workout.tsx(700,27): error TS17004: Cannot use JSX unless the '--jsx' flag is provided.
src/pages/Workout.tsx(701,27): error TS17004: Cannot use JSX unless the '--jsx' flag is provided.
src/pages/Workout.tsx(702,27): error TS17004: Cannot use JSX unless the '--jsx' flag is provided.
src/pages/Workout.tsx(703,27): error TS17004: Cannot use JSX unless the '--jsx' flag is provided.
src/pages/Workout.tsx(704,27): error TS17004: Cannot use JSX unless the '--jsx' flag is provided.
src/pages/Workout.tsx(708,21): error TS17004: Cannot use JSX unless the '--jsx' flag is provided.
src/pages/Workout.tsx(709,23): error TS17004: Cannot use JSX unless the '--jsx' flag is provided.
src/pages/Workout.tsx(710,41): error TS17004: Cannot use JSX unless the '--jsx' flag is provided.
src/pages/Workout.tsx(712,23): error TS17004: Cannot use JSX unless the '--jsx' flag is provided.
src/pages/Workout.tsx(718,19): error TS17004: Cannot use JSX unless the '--jsx' flag is provided.
src/pages/Workout.tsx(720,23): error TS17004: Cannot use JSX unless the '--jsx' flag is provided.
src/pages/Workout.tsx(721,25): error TS17004: Cannot use JSX unless the '--jsx' flag is provided.
src/pages/Workout.tsx(722,25): error TS17004: Cannot use JSX unless the '--jsx' flag is provided.
src/pages/Workout.tsx(725,23): error TS17004: Cannot use JSX unless the '--jsx' flag is provided.
src/pages/Workout.tsx(726,25): error TS17004: Cannot use JSX unless the '--jsx' flag is provided.
src/pages/Workout.tsx(727,27): error TS17004: Cannot use JSX unless the '--jsx' flag is provided.
src/pages/Workout.tsx(728,29): error TS17004: Cannot use JSX unless the '--jsx' flag is provided.
src/pages/Workout.tsx(735,29): error TS17004: Cannot use JSX unless the '--jsx' flag is provided.
src/pages/Workout.tsx(737,27): error TS17004: Cannot use JSX unless the '--jsx' flag is provided.
src/pages/Workout.tsx(738,29): error TS17004: Cannot use JSX unless the '--jsx' flag is provided.
src/pages/Workout.tsx(742,25): error TS17004: Cannot use JSX unless the '--jsx' flag is provided.
src/pages/Workout.tsx(743,27): error TS17004: Cannot use JSX unless the '--jsx' flag is provided.
src/pages/Workout.tsx(744,29): error TS17004: Cannot use JSX unless the '--jsx' flag is provided.
src/pages/Workout.tsx(746,27): error TS17004: Cannot use JSX unless the '--jsx' flag is provided.
src/pages/Workout.tsx(747,29): error TS17004: Cannot use JSX unless the '--jsx' flag is provided.
src/pages/Workout.tsx(751,25): error TS17004: Cannot use JSX unless the '--jsx' flag is provided.
src/pages/Workout.tsx(757,31): error TS17004: Cannot use JSX unless the '--jsx' flag is provided.
src/pages/Workout.tsx(758,33): error TS17004: Cannot use JSX unless the '--jsx' flag is provided.
src/pages/Workout.tsx(759,35): error TS17004: Cannot use JSX unless the '--jsx' flag is provided.
src/pages/Workout.tsx(763,35): error TS17004: Cannot use JSX unless the '--jsx' flag is provided.
src/pages/Workout.tsx(766,33): error TS17004: Cannot use JSX unless the '--jsx' flag is provided.
src/pages/Workout.tsx(768,37): error TS17004: Cannot use JSX unless the '--jsx' flag is provided.
src/pages/Workout.tsx(769,39): error TS17004: Cannot use JSX unless the '--jsx' flag is provided.
src/pages/Workout.tsx(770,41): error TS17004: Cannot use JSX unless the '--jsx' flag is provided.
src/pages/Workout.tsx(773,41): error TS17004: Cannot use JSX unless the '--jsx' flag is provided.
src/pages/Workout.tsx(774,43): error TS17004: Cannot use JSX unless the '--jsx' flag is provided.
src/pages/Workout.tsx(775,43): error TS17004: Cannot use JSX unless the '--jsx' flag is provided.
src/pages/Workout.tsx(778,39): error TS17004: Cannot use JSX unless the '--jsx' flag is provided.
src/pages/Workout.tsx(779,41): error TS17004: Cannot use JSX unless the '--jsx' flag is provided.
src/pages/Workout.tsx(793,17): error TS17004: Cannot use JSX unless the '--jsx' flag is provided.
src/pages/Workout.tsx(794,19): error TS17004: Cannot use JSX unless the '--jsx' flag is provided.
src/pages/Workout.tsx(799,21): error TS17004: Cannot use JSX unless the '--jsx' flag is provided.
src/pages/Workout.tsx(801,19): error TS17004: Cannot use JSX unless the '--jsx' flag is provided.
src/pages/Workout.tsx(806,21): error TS17004: Cannot use JSX unless the '--jsx' flag is provided.
src/pages/Workout.tsx(808,19): error TS17004: Cannot use JSX unless the '--jsx' flag is provided.
src/pages/Workout.tsx(816,21): error TS17004: Cannot use JSX unless the '--jsx' flag is provided.
src/pages/Workout.tsx(823,13): error TS17004: Cannot use JSX unless the '--jsx' flag is provided.
src/pages/Workout.tsx(826,15): error TS17004: Cannot use JSX unless the '--jsx' flag is provided.
src/pages/Workout.tsx(827,17): error TS17004: Cannot use JSX unless the '--jsx' flag is provided.
src/pages/Workout.tsx(828,19): error TS17004: Cannot use JSX unless the '--jsx' flag is provided.
src/pages/Workout.tsx(829,21): error TS17004: Cannot use JSX unless the '--jsx' flag is provided.
src/pages/Workout.tsx(832,21): error TS17004: Cannot use JSX unless the '--jsx' flag is provided.
src/pages/Workout.tsx(842,19): error TS17004: Cannot use JSX unless the '--jsx' flag is provided.
src/pages/Workout.tsx(843,21): error TS17004: Cannot use JSX unless the '--jsx' flag is provided.
src/pages/Workout.tsx(844,21): error TS17004: Cannot use JSX unless the '--jsx' flag is provided.
src/pages/Workout.tsx(845,21): error TS17004: Cannot use JSX unless the '--jsx' flag is provided.
src/pages/Workout.tsx(848,19): error TS17004: Cannot use JSX unless the '--jsx' flag is provided.
src/pages/Workout.tsx(850,23): error TS17004: Cannot use JSX unless the '--jsx' flag is provided.
src/pages/Workout.tsx(851,25): error TS17004: Cannot use JSX unless the '--jsx' flag is provided.
src/pages/Workout.tsx(852,27): error TS17004: Cannot use JSX unless the '--jsx' flag is provided.
src/pages/Workout.tsx(856,27): error TS17004: Cannot use JSX unless the '--jsx' flag is provided.
src/pages/Workout.tsx(857,29): error TS17004: Cannot use JSX unless the '--jsx' flag is provided.
src/pages/Workout.tsx(858,29): error TS17004: Cannot use JSX unless the '--jsx' flag is provided.
src/pages/Workout.tsx(861,25): error TS17004: Cannot use JSX unless the '--jsx' flag is provided.
src/pages/Workout.tsx(862,27): error TS17004: Cannot use JSX unless the '--jsx' flag is provided.
src/pages/Workout.tsx(866,29): error TS17004: Cannot use JSX unless the '--jsx' flag is provided.
src/pages/Workout.tsx(868,27): error TS17004: Cannot use JSX unless the '--jsx' flag is provided.
src/pages/Workout.tsx(875,29): error TS17004: Cannot use JSX unless the '--jsx' flag is provided.
src/pages/Workout.tsx(885,15): error TS17004: Cannot use JSX unless the '--jsx' flag is provided.
src/pages/Workout.tsx(886,17): error TS17004: Cannot use JSX unless the '--jsx' flag is provided.
src/pages/Workout.tsx(887,19): error TS17004: Cannot use JSX unless the '--jsx' flag is provided.
src/pages/Workout.tsx(888,21): error TS17004: Cannot use JSX unless the '--jsx' flag is provided.
src/pages/Workout.tsx(889,21): error TS17004: Cannot use JSX unless the '--jsx' flag is provided.
src/pages/Workout.tsx(891,19): error TS17004: Cannot use JSX unless the '--jsx' flag is provided.
src/pages/Workout.tsx(894,17): error TS17004: Cannot use JSX unless the '--jsx' flag is provided.
src/pages/Workout.tsx(896,21): error TS17004: Cannot use JSX unless the '--jsx' flag is provided.
src/pages/Workout.tsx(903,23): error TS17004: Cannot use JSX unless the '--jsx' flag is provided.
src/pages/Workout.tsx(908,23): error TS17004: Cannot use JSX unless the '--jsx' flag is provided.
src/pages/Workout.tsx(909,23): error TS17004: Cannot use JSX unless the '--jsx' flag is provided.
src/pages/Workout.tsx(910,25): error TS17004: Cannot use JSX unless the '--jsx' flag is provided.
src/pages/Workout.tsx(911,27): error TS17004: Cannot use JSX unless the '--jsx' flag is provided.
src/pages/Workout.tsx(912,27): error TS17004: Cannot use JSX unless the '--jsx' flag is provided.
src/pages/Workout.tsx(913,29): error TS17004: Cannot use JSX unless the '--jsx' flag is provided.
src/pages/Workout.tsx(914,31): error TS17004: Cannot use JSX unless the '--jsx' flag is provided.
src/pages/Workout.tsx(915,31): error TS17004: Cannot use JSX unless the '--jsx' flag is provided.
src/pages/Workout.tsx(917,29): error TS17004: Cannot use JSX unless the '--jsx' flag is provided.
src/pages/Workout.tsx(918,31): error TS17004: Cannot use JSX unless the '--jsx' flag is provided.
src/pages/Workout.tsx(919,31): error TS17004: Cannot use JSX unless the '--jsx' flag is provided.
src/pages/Workout.tsx(922,27): error TS17004: Cannot use JSX unless the '--jsx' flag is provided.
src/pages/Workout.tsx(924,31): error TS17004: Cannot use JSX unless the '--jsx' flag is provided.
src/pages/Workout.tsx(928,64): error TS17004: Cannot use JSX unless the '--jsx' flag is provided.
src/pages/Workout.tsx(931,25): error TS17004: Cannot use JSX unless the '--jsx' flag is provided.
src/pages/Workout.tsx(941,21): error TS17004: Cannot use JSX unless the '--jsx' flag is provided.
src/pages/Workout.tsx(951,11): error TS17004: Cannot use JSX unless the '--jsx' flag is provided.
src/pages/Workout.tsx(953,15): error TS17004: Cannot use JSX unless the '--jsx' flag is provided.
src/pages/Workout.tsx(954,17): error TS17004: Cannot use JSX unless the '--jsx' flag is provided.
src/pages/Workout.tsx(961,17): error TS17004: Cannot use JSX unless the '--jsx' flag is provided.
src/pages/Workout.tsx(968,19): error TS17004: Cannot use JSX unless the '--jsx' flag is provided.
src/pages/Workout.tsx(969,21): error TS17004: Cannot use JSX unless the '--jsx' flag is provided.
src/pages/Workout.tsx(970,23): error TS17004: Cannot use JSX unless the '--jsx' flag is provided.
src/pages/Workout.tsx(971,25): error TS17004: Cannot use JSX unless the '--jsx' flag is provided.
src/pages/Workout.tsx(973,23): error TS17004: Cannot use JSX unless the '--jsx' flag is provided.
src/pages/Workout.tsx(975,21): error TS17004: Cannot use JSX unless the '--jsx' flag is provided.
src/pages/Workout.tsx(979,23): error TS17004: Cannot use JSX unless the '--jsx' flag is provided.
src/pages/Workout.tsx(984,19): error TS17004: Cannot use JSX unless the '--jsx' flag is provided.
src/pages/Workout.tsx(985,21): error TS17004: Cannot use JSX unless the '--jsx' flag is provided.
src/pages/Workout.tsx(987,23): error TS17004: Cannot use JSX unless the '--jsx' flag is provided.
src/pages/Workout.tsx(989,27): error TS17004: Cannot use JSX unless the '--jsx' flag is provided.
src/pages/Workout.tsx(1003,23): error TS17004: Cannot use JSX unless the '--jsx' flag is provided.
src/pages/Workout.tsx(1004,25): error TS17004: Cannot use JSX unless the '--jsx' flag is provided.
src/pages/Workout.tsx(1009,27): error TS17004: Cannot use JSX unless the '--jsx' flag is provided.
src/pages/Workout.tsx(1010,27): error TS17004: Cannot use JSX unless the '--jsx' flag is provided.
src/pages/Workout.tsx(1011,27): error TS17004: Cannot use JSX unless the '--jsx' flag is provided.
src/pages/Workout.tsx(1012,27): error TS17004: Cannot use JSX unless the '--jsx' flag is provided.
src/pages/Workout.tsx(1014,25): error TS17004: Cannot use JSX unless the '--jsx' flag is provided.
src/pages/Workout.tsx(1019,27): error TS17004: Cannot use JSX unless the '--jsx' flag is provided.
src/pages/Workout.tsx(1020,27): error TS17004: Cannot use JSX unless the '--jsx' flag is provided.
src/pages/Workout.tsx(1021,27): error TS17004: Cannot use JSX unless the '--jsx' flag is provided.
src/pages/Workout.tsx(1022,27): error TS17004: Cannot use JSX unless the '--jsx' flag is provided.
src/pages/Workout.tsx(1023,27): error TS17004: Cannot use JSX unless the '--jsx' flag is provided.
src/pages/Workout.tsx(1024,27): error TS17004: Cannot use JSX unless the '--jsx' flag is provided.
src/pages/Workout.tsx(1030,21): error TS17004: Cannot use JSX unless the '--jsx' flag is provided.
src/pages/Workout.tsx(1031,23): error TS17004: Cannot use JSX unless the '--jsx' flag is provided.
src/pages/Workout.tsx(1036,29): error TS17004: Cannot use JSX unless the '--jsx' flag is provided.
src/pages/Workout.tsx(1041,31): error TS17004: Cannot use JSX unless the '--jsx' flag is provided.
src/pages/Workout.tsx(1042,31): error TS17004: Cannot use JSX unless the '--jsx' flag is provided.
src/pages/Workout.tsx(1043,33): error TS17004: Cannot use JSX unless the '--jsx' flag is provided.
src/pages/Workout.tsx(1044,35): error TS17004: Cannot use JSX unless the '--jsx' flag is provided.
src/pages/Workout.tsx(1045,35): error TS17004: Cannot use JSX unless the '--jsx' flag is provided.
src/pages/Workout.tsx(1047,39): error TS17004: Cannot use JSX unless the '--jsx' flag is provided.
src/pages/Workout.tsx(1051,33): error TS17004: Cannot use JSX unless the '--jsx' flag is provided.
src/pages/Workout.tsx(1052,35): error TS17004: Cannot use JSX unless the '--jsx' flag is provided.
src/pages/Workout.tsx(1053,35): error TS17004: Cannot use JSX unless the '--jsx' flag is provided.
src/pages/Workout.tsx(1055,33): error TS17004: Cannot use JSX unless the '--jsx' flag is provided.
src/pages/Workout.tsx(1068,11): error TS17004: Cannot use JSX unless the '--jsx' flag is provided.
src/pages/Workout.tsx(1070,15): error TS17004: Cannot use JSX unless the '--jsx' flag is provided.
src/pages/Workout.tsx(1071,17): error TS17004: Cannot use JSX unless the '--jsx' flag is provided.
src/pages/Workout.tsx(1077,19): error TS17004: Cannot use JSX unless the '--jsx' flag is provided.
src/pages/Workout.tsx(1078,21): error TS17004: Cannot use JSX unless the '--jsx' flag is provided.
src/pages/Workout.tsx(1082,23): error TS17004: Cannot use JSX unless the '--jsx' flag is provided.
src/pages/Workout.tsx(1084,21): error TS17004: Cannot use JSX unless the '--jsx' flag is provided.
src/pages/Workout.tsx(1085,23): error TS17004: Cannot use JSX unless the '--jsx' flag is provided.
src/pages/Workout.tsx(1086,25): error TS17004: Cannot use JSX unless the '--jsx' flag is provided.
src/pages/Workout.tsx(1087,25): error TS17004: Cannot use JSX unless the '--jsx' flag is provided.
src/pages/Workout.tsx(1089,27): error TS17004: Cannot use JSX unless the '--jsx' flag is provided.
src/pages/Workout.tsx(1092,23): error TS17004: Cannot use JSX unless the '--jsx' flag is provided.
src/pages/Workout.tsx(1096,19): error TS17004: Cannot use JSX unless the '--jsx' flag is provided.
src/pages/Workout.tsx(1097,21): error TS17004: Cannot use JSX unless the '--jsx' flag is provided.
src/pages/Workout.tsx(1098,23): error TS17004: Cannot use JSX unless the '--jsx' flag is provided.
src/pages/Workout.tsx(1099,23): error TS17004: Cannot use JSX unless the '--jsx' flag is provided.
src/pages/Workout.tsx(1102,21): error TS17004: Cannot use JSX unless the '--jsx' flag is provided.
src/pages/Workout.tsx(1103,23): error TS17004: Cannot use JSX unless the '--jsx' flag is provided.
src/pages/Workout.tsx(1104,23): error TS17004: Cannot use JSX unless the '--jsx' flag is provided.
src/pages/Workout.tsx(1106,27): error TS17004: Cannot use JSX unless the '--jsx' flag is provided.
src/pages/Workout.tsx(1107,29): error TS17004: Cannot use JSX unless the '--jsx' flag is provided.
src/pages/Workout.tsx(1120,11): error TS17004: Cannot use JSX unless the '--jsx' flag is provided.
src/pages/Workout.tsx(1122,15): error TS17004: Cannot use JSX unless the '--jsx' flag is provided.
src/pages/Workout.tsx(1123,17): error TS17004: Cannot use JSX unless the '--jsx' flag is provided.
src/pages/Workout.tsx(1130,17): error TS17004: Cannot use JSX unless the '--jsx' flag is provided.
src/pages/Workout.tsx(1136,19): error TS17004: Cannot use JSX unless the '--jsx' flag is provided.
src/pages/Workout.tsx(1137,21): error TS17004: Cannot use JSX unless the '--jsx' flag is provided.
src/pages/Workout.tsx(1138,23): error TS17004: Cannot use JSX unless the '--jsx' flag is provided.
src/pages/Workout.tsx(1139,25): error TS17004: Cannot use JSX unless the '--jsx' flag is provided.
src/pages/Workout.tsx(1141,23): error TS17004: Cannot use JSX unless the '--jsx' flag is provided.
src/pages/Workout.tsx(1143,21): error TS17004: Cannot use JSX unless the '--jsx' flag is provided.
src/pages/Workout.tsx(1147,23): error TS17004: Cannot use JSX unless the '--jsx' flag is provided.
src/pages/Workout.tsx(1151,19): error TS17004: Cannot use JSX unless the '--jsx' flag is provided.
src/pages/Workout.tsx(1152,21): error TS17004: Cannot use JSX unless the '--jsx' flag is provided.
src/pages/Workout.tsx(1154,25): error TS17004: Cannot use JSX unless the '--jsx' flag is provided.
src/pages/Workout.tsx(1155,27): error TS17004: Cannot use JSX unless the '--jsx' flag is provided.
src/pages/Workout.tsx(1156,29): error TS17004: Cannot use JSX unless the '--jsx' flag is provided.
src/pages/Workout.tsx(1157,31): error TS17004: Cannot use JSX unless the '--jsx' flag is provided.
src/pages/Workout.tsx(1158,31): error TS17004: Cannot use JSX unless the '--jsx' flag is provided.
src/pages/Workout.tsx(1159,33): error TS17004: Cannot use JSX unless the '--jsx' flag is provided.
src/pages/Workout.tsx(1165,33): error TS17004: Cannot use JSX unless the '--jsx' flag is provided.
src/pages/Workout.tsx(1166,35): error TS17004: Cannot use JSX unless the '--jsx' flag is provided.
src/pages/Workout.tsx(1170,29): error TS17004: Cannot use JSX unless the '--jsx' flag is provided.
src/pages/Workout.tsx(1171,31): error TS17004: Cannot use JSX unless the '--jsx' flag is provided.
src/pages/Workout.tsx(1172,33): error TS17004: Cannot use JSX unless the '--jsx' flag is provided.
src/pages/Workout.tsx(1174,31): error TS17004: Cannot use JSX unless the '--jsx' flag is provided.
src/pages/Workout.tsx(1175,33): error TS17004: Cannot use JSX unless the '--jsx' flag is provided.
src/pages/Workout.tsx(1180,27): error TS17004: Cannot use JSX unless the '--jsx' flag is provided.
src/pages/Workout.tsx(1181,29): error TS17004: Cannot use JSX unless the '--jsx' flag is provided.
src/pages/Workout.tsx(1183,33): error TS17004: Cannot use JSX unless the '--jsx' flag is provided.
src/pages/Workout.tsx(1184,35): error TS17004: Cannot use JSX unless the '--jsx' flag is provided.
src/pages/Workout.tsx(1185,35): error TS17004: Cannot use JSX unless the '--jsx' flag is provided.
src/pages/Workout.tsx(1188,61): error TS17004: Cannot use JSX unless the '--jsx' flag is provided.
src/pages/Workout.tsx(1192,27): error TS17004: Cannot use JSX unless the '--jsx' flag is provided.
src/pages/Workout.tsx(1193,29): error TS17004: Cannot use JSX unless the '--jsx' flag is provided.
src/pages/Workout.tsx(1197,31): error TS17004: Cannot use JSX unless the '--jsx' flag is provided.
src/pages/Workout.tsx(1199,29): error TS17004: Cannot use JSX unless the '--jsx' flag is provided.
src/pages/Workout.tsx(1208,31): error TS17004: Cannot use JSX unless the '--jsx' flag is provided.
src/pages/Workout.tsx(1226,5): error TS17004: Cannot use JSX unless the '--jsx' flag is provided.
src/pages/Workout.tsx(1227,7): error TS17004: Cannot use JSX unless the '--jsx' flag is provided.
src/pages/Workout.tsx(1228,9): error TS17004: Cannot use JSX unless the '--jsx' flag is provided.
src/pages/Workout.tsx(1231,7): error TS17004: Cannot use JSX unless the '--jsx' flag is provided.
src/pages/Workout.tsx(1232,9): error TS17004: Cannot use JSX unless the '--jsx' flag is provided.
src/pages/Workout.tsx(1233,9): error TS17004: Cannot use JSX unless the '--jsx' flag is provided.
src/pages/Workout.tsx(1235,9): error TS17004: Cannot use JSX unless the '--jsx' flag is provided.
src/pages/Workout.tsx(1236,11): error TS17004: Cannot use JSX unless the '--jsx' flag is provided.
src/pages/Workout.tsx(1237,13): error TS17004: Cannot use JSX unless the '--jsx' flag is provided.
src/pages/Workout.tsx(1238,13): error TS17004: Cannot use JSX unless the '--jsx' flag is provided.
src/pages/Workout.tsx(1247,11): error TS17004: Cannot use JSX unless the '--jsx' flag is provided.
src/pages/Workout.tsx(1249,13): error TS17004: Cannot use JSX unless the '--jsx' flag is provided.
src/pages/Workout.tsx(1250,15): error TS17004: Cannot use JSX unless the '--jsx' flag is provided.
src/pages/Workout.tsx(1251,15): error TS17004: Cannot use JSX unless the '--jsx' flag is provided.
src/pages/Workout.tsx(1253,19): error TS17004: Cannot use JSX unless the '--jsx' flag is provided.
src/pages/Workout.tsx(1261,15): error TS17004: Cannot use JSX unless the '--jsx' flag is provided.
src/pages/Workout.tsx(1263,19): error TS17004: Cannot use JSX unless the '--jsx' flag is provided.
src/pages/Workout.tsx(1264,21): error TS17004: Cannot use JSX unless the '--jsx' flag is provided.
src/pages/Workout.tsx(1265,23): error TS17004: Cannot use JSX unless the '--jsx' flag is provided.
src/pages/Workout.tsx(1266,23): error TS17004: Cannot use JSX unless the '--jsx' flag is provided.
src/pages/Workout.tsx(1268,21): error TS17004: Cannot use JSX unless the '--jsx' flag is provided.
src/pages/Workout.tsx(1272,23): error TS17004: Cannot use JSX unless the '--jsx' flag is provided.
src/pages/Workout.tsx(1278,15): error TS17004: Cannot use JSX unless the '--jsx' flag is provided.
src/pages/Workout.tsx(1279,17): error TS17004: Cannot use JSX unless the '--jsx' flag is provided.
src/pages/Workout.tsx(1280,17): error TS17004: Cannot use JSX unless the '--jsx' flag is provided.
src/pages/Workout.tsx(1281,19): error TS17004: Cannot use JSX unless the '--jsx' flag is provided.
src/pages/Workout.tsx(1296,19): error TS17004: Cannot use JSX unless the '--jsx' flag is provided.
src/pages/Workout.tsx(1307,21): error TS17004: Cannot use JSX unless the '--jsx' flag is provided.
src/pages/Workout.tsx(1314,13): error TS17004: Cannot use JSX unless the '--jsx' flag is provided.
src/pages/Workout.tsx(1315,15): error TS17004: Cannot use JSX unless the '--jsx' flag is provided.
src/pages/Workout.tsx(1317,17): error TS17004: Cannot use JSX unless the '--jsx' flag is provided.
src/pages/Workout.tsx(1319,17): error TS17004: Cannot use JSX unless the '--jsx' flag is provided.
src/pages/Workout.tsx(1321,21): error TS17004: Cannot use JSX unless the '--jsx' flag is provided.
src/pages/Workout.tsx(1322,23): error TS17004: Cannot use JSX unless the '--jsx' flag is provided.
src/pages/Workout.tsx(1323,25): error TS17004: Cannot use JSX unless the '--jsx' flag is provided.
src/pages/Workout.tsx(1325,23): error TS17004: Cannot use JSX unless the '--jsx' flag is provided.
src/pages/Workout.tsx(1326,23): error TS17004: Cannot use JSX unless the '--jsx' flag is provided.
src/pages/Workout.tsx(1327,25): error TS17004: Cannot use JSX unless the '--jsx' flag is provided.
src/pages/Workout.tsx(1337,25): error TS17004: Cannot use JSX unless the '--jsx' flag is provided.
src/pages/Workout.tsx(1355,11): error TS17004: Cannot use JSX unless the '--jsx' flag is provided.
src/pages/Workout.tsx(1356,13): error TS17004: Cannot use JSX unless the '--jsx' flag is provided.
src/pages/Workout.tsx(1375,15): error TS17004: Cannot use JSX unless the '--jsx' flag is provided.
src/pages/Workout.tsx(1421,7): error TS17004: Cannot use JSX unless the '--jsx' flag is provided.
src/pages/Workout.tsx(1422,9): error TS17004: Cannot use JSX unless the '--jsx' flag is provided.
src/pages/Workout.tsx(1423,11): error TS17004: Cannot use JSX unless the '--jsx' flag is provided.
src/pages/Workout.tsx(1424,13): error TS17004: Cannot use JSX unless the '--jsx' flag is provided.
src/pages/Workout.tsx(1426,11): error TS17004: Cannot use JSX unless the '--jsx' flag is provided.
src/pages/Workout.tsx(1427,13): error TS17004: Cannot use JSX unless the '--jsx' flag is provided.
src/pages/Workout.tsx(1428,13): error TS17004: Cannot use JSX unless the '--jsx' flag is provided.
src/pages/Workout.tsx(1430,11): error TS17004: Cannot use JSX unless the '--jsx' flag is provided.
src/pages/Workout.tsx(1431,13): error TS17004: Cannot use JSX unless the '--jsx' flag is provided.
src/pages/Workout.tsx(1435,9): error TS17004: Cannot use JSX unless the '--jsx' flag is provided.
src/pages/Workout.tsx(1436,11): error TS17004: Cannot use JSX unless the '--jsx' flag is provided.
src/pages/Workout.tsx(1439,9): error TS17004: Cannot use JSX unless the '--jsx' flag is provided.
src/pages/Workout.tsx(1440,11): error TS17004: Cannot use JSX unless the '--jsx' flag is provided.
src/pages/Workout.tsx(1442,11): error TS17004: Cannot use JSX unless the '--jsx' flag is provided.
src/pages/Workout.tsx(1444,15): error TS17004: Cannot use JSX unless the '--jsx' flag is provided.
src/pages/Workout.tsx(1445,17): error TS17004: Cannot use JSX unless the '--jsx' flag is provided.
src/pages/Workout.tsx(1446,19): error TS17004: Cannot use JSX unless the '--jsx' flag is provided.
src/pages/Workout.tsx(1448,17): error TS17004: Cannot use JSX unless the '--jsx' flag is provided.
src/pages/Workout.tsx(1449,19): error TS17004: Cannot use JSX unless the '--jsx' flag is provided.
src/pages/Workout.tsx(1450,21): error TS17004: Cannot use JSX unless the '--jsx' flag is provided.
src/pages/Workout.tsx(1451,21): error TS17004: Cannot use JSX unless the '--jsx' flag is provided.
src/pages/Workout.tsx(1455,21): error TS17004: Cannot use JSX unless the '--jsx' flag is provided.
src/pages/Workout.tsx(1456,23): error TS17004: Cannot use JSX unless the '--jsx' flag is provided.
src/pages/Workout.tsx(1457,25): error TS17004: Cannot use JSX unless the '--jsx' flag is provided.
src/pages/Workout.tsx(1458,27): error TS17004: Cannot use JSX unless the '--jsx' flag is provided.
src/pages/Workout.tsx(1459,27): error TS17004: Cannot use JSX unless the '--jsx' flag is provided.
src/pages/Workout.tsx(1460,27): error TS17004: Cannot use JSX unless the '--jsx' flag is provided.
src/pages/Workout.tsx(1461,29): error TS17004: Cannot use JSX unless the '--jsx' flag is provided.
src/pages/Workout.tsx(1462,29): error TS17004: Cannot use JSX unless the '--jsx' flag is provided.
src/pages/Workout.tsx(1465,25): error TS17004: Cannot use JSX unless the '--jsx' flag is provided.
src/pages/Workout.tsx(1466,27): error TS17004: Cannot use JSX unless the '--jsx' flag is provided.
src/pages/Workout.tsx(1467,27): error TS17004: Cannot use JSX unless the '--jsx' flag is provided.
src/pages/Workout.tsx(1474,17): error TS17004: Cannot use JSX unless the '--jsx' flag is provided.
src/pages/Workout.tsx(1475,19): error TS17004: Cannot use JSX unless the '--jsx' flag is provided.
src/pages/Workout.tsx(1476,21): error TS17004: Cannot use JSX unless the '--jsx' flag is provided.
src/pages/Workout.tsx(1478,19): error TS17004: Cannot use JSX unless the '--jsx' flag is provided.
src/pages/Workout.tsx(1479,21): error TS17004: Cannot use JSX unless the '--jsx' flag is provided.
src/pages/Workout.tsx(1486,15): error TS17004: Cannot use JSX unless the '--jsx' flag is provided.
src/pages/Workout.tsx(1487,17): error TS17004: Cannot use JSX unless the '--jsx' flag is provided.
src/pages/Workout.tsx(1488,19): error TS17004: Cannot use JSX unless the '--jsx' flag is provided.
src/pages/Workout.tsx(1489,19): error TS17004: Cannot use JSX unless the '--jsx' flag is provided.
src/pages/Workout.tsx(1490,19): error TS17004: Cannot use JSX unless the '--jsx' flag is provided.
src/pages/Workout.tsx(1491,21): error TS17004: Cannot use JSX unless the '--jsx' flag is provided.
src/pages/Workout.tsx(1492,21): error TS17004: Cannot use JSX unless the '--jsx' flag is provided.
src/pages/Workout.tsx(1496,17): error TS17004: Cannot use JSX unless the '--jsx' flag is provided.
src/pages/Workout.tsx(1497,19): error TS17004: Cannot use JSX unless the '--jsx' flag is provided.
src/pages/Workout.tsx(1502,17): error TS17004: Cannot use JSX unless the '--jsx' flag is provided.
src/pages/Workout.tsx(1503,19): error TS17004: Cannot use JSX unless the '--jsx' flag is provided.
src/pages/Workout.tsx(1504,21): error TS17004: Cannot use JSX unless the '--jsx' flag is provided.
src/pages/Workout.tsx(1505,21): error TS17004: Cannot use JSX unless the '--jsx' flag is provided.
src/pages/Workout.tsx(1516,19): error TS17004: Cannot use JSX unless the '--jsx' flag is provided.
src/pages/Workout.tsx(1517,21): error TS17004: Cannot use JSX unless the '--jsx' flag is provided.
src/pages/Workout.tsx(1521,17): error TS17004: Cannot use JSX unless the '--jsx' flag is provided.
src/pages/Workout.tsx(1522,19): error TS17004: Cannot use JSX unless the '--jsx' flag is provided.
src/pages/Workout.tsx(1529,21): error TS17004: Cannot use JSX unless the '--jsx' flag is provided.
src/pages/Workout.tsx(1531,19): error TS17004: Cannot use JSX unless the '--jsx' flag is provided.
src/pages/Workout.tsx(1532,33): error TS17004: Cannot use JSX unless the '--jsx' flag is provided.
src/pages/Workout.tsx(1532,82): error TS17004: Cannot use JSX unless the '--jsx' flag is provided.
src/pages/Workout.tsx(1534,19): error TS17004: Cannot use JSX unless the '--jsx' flag is provided.
src/pages/Workout.tsx(1535,21): error TS17004: Cannot use JSX unless the '--jsx' flag is provided.
src/pages/Workout.tsx(1542,15): error TS17004: Cannot use JSX unless the '--jsx' flag is provided.
src/pages/Workout.tsx(1543,17): error TS17004: Cannot use JSX unless the '--jsx' flag is provided.
src/pages/Workout.tsx(1544,19): error TS17004: Cannot use JSX unless the '--jsx' flag is provided.
src/pages/Workout.tsx(1546,17): error TS17004: Cannot use JSX unless the '--jsx' flag is provided.
src/pages/Workout.tsx(1547,19): error TS17004: Cannot use JSX unless the '--jsx' flag is provided.
src/pages/Workout.tsx(1548,19): error TS17004: Cannot use JSX unless the '--jsx' flag is provided.
src/pages/Workout.tsx(1550,17): error TS17004: Cannot use JSX unless the '--jsx' flag is provided.
src/pages/Workout.tsx(1564,11): error TS17004: Cannot use JSX unless the '--jsx' flag is provided.
src/pages/Workout.tsx(1566,15): error TS17004: Cannot use JSX unless the '--jsx' flag is provided.
src/pages/Workout.tsx(1572,17): error TS17004: Cannot use JSX unless the '--jsx' flag is provided.
src/pages/Workout.tsx(1578,19): error TS17004: Cannot use JSX unless the '--jsx' flag is provided.
src/pages/Workout.tsx(1580,19): error TS17004: Cannot use JSX unless the '--jsx' flag is provided.
src/pages/Workout.tsx(1581,21): error TS17004: Cannot use JSX unless the '--jsx' flag is provided.
src/pages/Workout.tsx(1582,23): error TS17004: Cannot use JSX unless the '--jsx' flag is provided.
src/pages/Workout.tsx(1583,23): error TS17004: Cannot use JSX unless the '--jsx' flag is provided.
src/pages/Workout.tsx(1585,21): error TS17004: Cannot use JSX unless the '--jsx' flag is provided.
src/pages/Workout.tsx(1586,23): error TS17004: Cannot use JSX unless the '--jsx' flag is provided.
src/pages/Workout.tsx(1590,19): error TS17004: Cannot use JSX unless the '--jsx' flag is provided.
src/pages/Workout.tsx(1592,23): error TS17004: Cannot use JSX unless the '--jsx' flag is provided.
src/pages/Workout.tsx(1593,25): error TS17004: Cannot use JSX unless the '--jsx' flag is provided.
src/pages/Workout.tsx(1594,25): error TS17004: Cannot use JSX unless the '--jsx' flag is provided.
src/pages/Workout.tsx(1597,23): error TS17004: Cannot use JSX unless the '--jsx' flag is provided.
src/pages/Workout.tsx(1599,27): error TS17004: Cannot use JSX unless the '--jsx' flag is provided.
src/pages/Workout.tsx(1600,29): error TS17004: Cannot use JSX unless the '--jsx' flag is provided.
src/pages/Workout.tsx(1601,31): error TS17004: Cannot use JSX unless the '--jsx' flag is provided.
src/pages/Workout.tsx(1602,33): error TS17004: Cannot use JSX unless the '--jsx' flag is provided.
src/pages/Workout.tsx(1608,33): error TS17004: Cannot use JSX unless the '--jsx' flag is provided.
src/pages/Workout.tsx(1609,33): error TS17004: Cannot use JSX unless the '--jsx' flag is provided.
src/pages/Workout.tsx(1611,31): error TS17004: Cannot use JSX unless the '--jsx' flag is provided.
src/pages/Workout.tsx(1612,33): error TS17004: Cannot use JSX unless the '--jsx' flag is provided.
src/pages/Workout.tsx(1613,33): error TS17004: Cannot use JSX unless the '--jsx' flag is provided.
src/pages/Workout.tsx(1616,29): error TS17004: Cannot use JSX unless the '--jsx' flag is provided.
src/pages/Workout.tsx(1617,31): error TS17004: Cannot use JSX unless the '--jsx' flag is provided.
src/pages/Workout.tsx(1618,33): error TS17004: Cannot use JSX unless the '--jsx' flag is provided.
src/pages/Workout.tsx(1620,31): error TS17004: Cannot use JSX unless the '--jsx' flag is provided.
src/pages/Workout.tsx(1621,33): error TS17004: Cannot use JSX unless the '--jsx' flag is provided.
src/pages/Workout.tsx(1628,23): error TS17004: Cannot use JSX unless the '--jsx' flag is provided.
src/pages/Workout.tsx(1629,25): error TS17004: Cannot use JSX unless the '--jsx' flag is provided.
src/pages/Workout.tsx(1630,25): error TS17004: Cannot use JSX unless the '--jsx' flag is provided.
src/pages/Workout.tsx(1631,25): error TS17004: Cannot use JSX unless the '--jsx' flag is provided.
src/pages/Workout.tsx(1641,11): error TS17004: Cannot use JSX unless the '--jsx' flag is provided.
src/pages/Workout.tsx(1643,15): error TS17004: Cannot use JSX unless the '--jsx' flag is provided.
src/pages/Workout.tsx(1649,17): error TS17004: Cannot use JSX unless the '--jsx' flag is provided.
src/pages/Workout.tsx(1655,19): error TS17004: Cannot use JSX unless the '--jsx' flag is provided.
src/pages/Workout.tsx(1656,19): error TS17004: Cannot use JSX unless the '--jsx' flag is provided.
src/pages/Workout.tsx(1656,84): error TS17004: Cannot use JSX unless the '--jsx' flag is provided.
src/pages/Workout.tsx(1658,19): error TS17004: Cannot use JSX unless the '--jsx' flag is provided.
src/pages/Workout.tsx(1659,21): error TS17004: Cannot use JSX unless the '--jsx' flag is provided.
src/pages/Workout.tsx(1660,23): error TS17004: Cannot use JSX unless the '--jsx' flag is provided.
src/pages/Workout.tsx(1661,23): error TS17004: Cannot use JSX unless the '--jsx' flag is provided.
src/pages/Workout.tsx(1671,19): error TS17004: Cannot use JSX unless the '--jsx' flag is provided.
src/pages/Workout.tsx(1672,21): error TS17004: Cannot use JSX unless the '--jsx' flag is provided.
src/pages/Workout.tsx(1678,21): error TS17004: Cannot use JSX unless the '--jsx' flag is provided.
src/pages/Workout.tsx(1695,5): error TS17004: Cannot use JSX unless the '--jsx' flag is provided.
src/pages/Workout.tsx(1697,7): error TS17004: Cannot use JSX unless the '--jsx' flag is provided.
src/pages/Workout.tsx(1698,9): error TS17004: Cannot use JSX unless the '--jsx' flag is provided.
src/pages/Workout.tsx(1699,9): error TS17004: Cannot use JSX unless the '--jsx' flag is provided.
src/pages/Workout.tsx(1700,9): error TS17004: Cannot use JSX unless the '--jsx' flag is provided.
src/pages/Workout.tsx(1703,7): error TS17004: Cannot use JSX unless the '--jsx' flag is provided.
src/pages/Workout.tsx(1710,7): error TS17004: Cannot use JSX unless the '--jsx' flag is provided.
src/pages/Workout.tsx(1712,11): error TS17004: Cannot use JSX unless the '--jsx' flag is provided.
src/pages/Workout.tsx(1713,13): error TS17004: Cannot use JSX unless the '--jsx' flag is provided.
src/pages/Workout.tsx(1720,13): error TS17004: Cannot use JSX unless the '--jsx' flag is provided.
src/pages/Workout.tsx(1726,15): error TS17004: Cannot use JSX unless the '--jsx' flag is provided.
src/pages/Workout.tsx(1727,17): error TS17004: Cannot use JSX unless the '--jsx' flag is provided.
src/pages/Workout.tsx(1728,19): error TS17004: Cannot use JSX unless the '--jsx' flag is provided.
src/pages/Workout.tsx(1729,21): error TS17004: Cannot use JSX unless the '--jsx' flag is provided.
src/pages/Workout.tsx(1731,19): error TS17004: Cannot use JSX unless the '--jsx' flag is provided.
src/pages/Workout.tsx(1733,17): error TS17004: Cannot use JSX unless the '--jsx' flag is provided.
src/pages/Workout.tsx(1734,19): error TS17004: Cannot use JSX unless the '--jsx' flag is provided.
src/pages/Workout.tsx(1738,15): error TS17004: Cannot use JSX unless the '--jsx' flag is provided.
src/pages/Workout.tsx(1740,19): error TS17004: Cannot use JSX unless the '--jsx' flag is provided.
src/pages/Workout.tsx(1741,21): error TS17004: Cannot use JSX unless the '--jsx' flag is provided.
src/pages/Workout.tsx(1742,21): error TS17004: Cannot use JSX unless the '--jsx' flag is provided.
src/pages/Workout.tsx(1745,19): error TS17004: Cannot use JSX unless the '--jsx' flag is provided.
src/pages/Workout.tsx(1747,21): error TS17004: Cannot use JSX unless the '--jsx' flag is provided.
src/pages/Workout.tsx(1748,23): error TS17004: Cannot use JSX unless the '--jsx' flag is provided.
src/pages/Workout.tsx(1751,23): error TS17004: Cannot use JSX unless the '--jsx' flag is provided.
src/pages/Workout.tsx(1752,25): error TS17004: Cannot use JSX unless the '--jsx' flag is provided.
src/pages/Workout.tsx(1753,27): error TS17004: Cannot use JSX unless the '--jsx' flag is provided.
src/pages/Workout.tsx(1755,25): error TS17004: Cannot use JSX unless the '--jsx' flag is provided.
src/pages/Workout.tsx(1758,25): error TS17004: Cannot use JSX unless the '--jsx' flag is provided.
src/pages/Workout.tsx(1759,27): error TS17004: Cannot use JSX unless the '--jsx' flag is provided.
src/pages/Workout.tsx(1765,21): error TS17004: Cannot use JSX unless the '--jsx' flag is provided.
src/pages/Workout.tsx(1767,25): error TS17004: Cannot use JSX unless the '--jsx' flag is provided.
src/pages/Workout.tsx(1791,29): error TS17004: Cannot use JSX unless the '--jsx' flag is provided.
src/pages/Workout.tsx(1806,33): error TS17004: Cannot use JSX unless the '--jsx' flag is provided.
src/pages/Workout.tsx(1807,35): error TS17004: Cannot use JSX unless the '--jsx' flag is provided.
src/pages/Workout.tsx(1814,37): error TS17004: Cannot use JSX unless the '--jsx' flag is provided.
src/pages/Workout.tsx(1816,41): error TS17004: Cannot use JSX unless the '--jsx' flag is provided.
src/pages/Workout.tsx(1826,37): error TS17004: Cannot use JSX unless the '--jsx' flag is provided.
src/pages/Workout.tsx(1837,21): error TS17004: Cannot use JSX unless the '--jsx' flag is provided.
src/pages/Workout.tsx(1838,23): error TS17004: Cannot use JSX unless the '--jsx' flag is provided.
src/pages/Workout.tsx(1839,25): error TS17004: Cannot use JSX unless the '--jsx' flag is provided.
src/pages/Workout.tsx(1843,27): error TS17004: Cannot use JSX unless the '--jsx' flag is provided.
src/pages/Workout.tsx(1851,29): error TS17004: Cannot use JSX unless the '--jsx' flag is provided.
src/pages/Workout.tsx(1856,23): error TS17004: Cannot use JSX unless the '--jsx' flag is provided.
src/pages/Workout.tsx(1861,27): error TS17004: Cannot use JSX unless the '--jsx' flag is provided.
src/pages/Workout.tsx(1862,29): error TS17004: Cannot use JSX unless the '--jsx' flag is provided.
src/pages/Workout.tsx(1863,31): error TS17004: Cannot use JSX unless the '--jsx' flag is provided.
src/pages/Workout.tsx(1869,31): error TS17004: Cannot use JSX unless the '--jsx' flag is provided.
src/pages/Workout.tsx(1870,33): error TS17004: Cannot use JSX unless the '--jsx' flag is provided.
src/pages/Workout.tsx(1871,33): error TS17004: Cannot use JSX unless the '--jsx' flag is provided.
src/pages/Workout.tsx(1876,29): error TS17004: Cannot use JSX unless the '--jsx' flag is provided.
src/pages/Workout.tsx(1878,33): error TS17004: Cannot use JSX unless the '--jsx' flag is provided.
src/pages/Workout.tsx(1892,31): error TS17004: Cannot use JSX unless the '--jsx' flag is provided.
src/pages/Workout.tsx(1896,33): error TS17004: Cannot use JSX unless the '--jsx' flag is provided.
src/pages/Workout.tsx(1898,31): error TS17004: Cannot use JSX unless the '--jsx' flag is provided.
src/pages/Workout.tsx(1902,33): error TS17004: Cannot use JSX unless the '--jsx' flag is provided.
src/pages/Workout.tsx(1908,27): error TS17004: Cannot use JSX unless the '--jsx' flag is provided.
src/pages/Workout.tsx(1923,7): error TS17004: Cannot use JSX unless the '--jsx' flag is provided.
src/pages/Workout.tsx(1925,11): error TS17004: Cannot use JSX unless the '--jsx' flag is provided.
src/pages/Workout.tsx(1926,13): error TS17004: Cannot use JSX unless the '--jsx' flag is provided.
src/pages/Workout.tsx(1933,13): error TS17004: Cannot use JSX unless the '--jsx' flag is provided.
src/pages/Workout.tsx(1939,15): error TS17004: Cannot use JSX unless the '--jsx' flag is provided.
src/pages/Workout.tsx(1940,15): error TS17004: Cannot use JSX unless the '--jsx' flag is provided.
src/pages/Workout.tsx(1942,15): error TS17004: Cannot use JSX unless the '--jsx' flag is provided.
src/pages/Workout.tsx(1943,17): error TS17004: Cannot use JSX unless the '--jsx' flag is provided.
src/pages/Workout.tsx(1944,19): error TS17004: Cannot use JSX unless the '--jsx' flag is provided.
src/pages/Workout.tsx(1945,21): error TS17004: Cannot use JSX unless the '--jsx' flag is provided.
src/pages/Workout.tsx(1947,19): error TS17004: Cannot use JSX unless the '--jsx' flag is provided.
src/pages/Workout.tsx(1948,21): error TS17004: Cannot use JSX unless the '--jsx' flag is provided.
src/pages/Workout.tsx(1949,21): error TS17004: Cannot use JSX unless the '--jsx' flag is provided.
src/pages/Workout.tsx(1953,17): error TS17004: Cannot use JSX unless the '--jsx' flag is provided.
src/pages/Workout.tsx(1954,19): error TS17004: Cannot use JSX unless the '--jsx' flag is provided.
src/pages/Workout.tsx(1955,19): error TS17004: Cannot use JSX unless the '--jsx' flag is provided.
src/pages/Workout.tsx(1963,17): error TS17004: Cannot use JSX unless the '--jsx' flag is provided.
src/pages/Workout.tsx(1964,19): error TS17004: Cannot use JSX unless the '--jsx' flag is provided.
src/pages/Workout.tsx(1967,19): error TS17004: Cannot use JSX unless the '--jsx' flag is provided.
src/pages/Workout.tsx(1978,7): error TS17004: Cannot use JSX unless the '--jsx' flag is provided.
src/pages/Workout.tsx(1980,11): error TS17004: Cannot use JSX unless the '--jsx' flag is provided.
src/pages/Workout.tsx(1981,13): error TS17004: Cannot use JSX unless the '--jsx' flag is provided.
src/pages/Workout.tsx(1986,13): error TS17004: Cannot use JSX unless the '--jsx' flag is provided.
src/pages/Workout.tsx(1990,15): error TS17004: Cannot use JSX unless the '--jsx' flag is provided.
src/pages/Workout.tsx(1991,15): error TS17004: Cannot use JSX unless the '--jsx' flag is provided.
src/pages/Workout.tsx(1993,15): error TS17004: Cannot use JSX unless the '--jsx' flag is provided.
src/pages/Workout.tsx(1994,17): error TS17004: Cannot use JSX unless the '--jsx' flag is provided.
src/pages/Workout.tsx(1995,19): error TS17004: Cannot use JSX unless the '--jsx' flag is provided.
src/pages/Workout.tsx(1996,19): error TS17004: Cannot use JSX unless the '--jsx' flag is provided.
src/pages/Workout.tsx(2003,17): error TS17004: Cannot use JSX unless the '--jsx' flag is provided.
src/pages/Workout.tsx(2004,19): error TS17004: Cannot use JSX unless the '--jsx' flag is provided.
src/pages/Workout.tsx(2005,19): error TS17004: Cannot use JSX unless the '--jsx' flag is provided.
src/pages/Workout.tsx(2013,17): error TS17004: Cannot use JSX unless the '--jsx' flag is provided.
src/pages/Workout.tsx(2014,19): error TS17004: Cannot use JSX unless the '--jsx' flag is provided.
src/pages/Workout.tsx(2020,19): error TS17004: Cannot use JSX unless the '--jsx' flag is provided.
src/pages/Workout.tsx(2036,5): error TS17004: Cannot use JSX unless the '--jsx' flag is provided.
src/pages/Workout.tsx(2037,7): error TS17004: Cannot use JSX unless the '--jsx' flag is provided.
src/pages/Workout.tsx(2038,9): error TS17004: Cannot use JSX unless the '--jsx' flag is provided.
src/pages/Workout.tsx(2040,7): error TS17004: Cannot use JSX unless the '--jsx' flag is provided.
src/pages/Workout.tsx(2041,9): error TS17004: Cannot use JSX unless the '--jsx' flag is provided.
src/pages/Workout.tsx(2042,9): error TS17004: Cannot use JSX unless the '--jsx' flag is provided.
