src/pages/MentalHealth.tsx(5,20): error TS2307: Cannot find module '@/lib/utils' or its corresponding type declarations.
src/pages/MentalHealth.tsx(6,29): error TS2307: Cannot find module '@/components/MedSageLogo' or its corresponding type declarations.
src/pages/MentalHealth.tsx(304,7): error TS17004: Cannot use JSX unless the '--jsx' flag is provided.
src/pages/MentalHealth.tsx(305,9): error TS17004: Cannot use JSX unless the '--jsx' flag is provided.
src/pages/MentalHealth.tsx(306,11): error TS17004: Cannot use JSX unless the '--jsx' flag is provided.
src/pages/MentalHealth.tsx(307,13): error TS17004: Cannot use JSX unless the '--jsx' flag is provided.
src/pages/MentalHealth.tsx(309,11): error TS17004: Cannot use JSX unless the '--jsx' flag is provided.
src/pages/MentalHealth.tsx(310,11): error TS17004: Cannot use JSX unless the '--jsx' flag is provided.
src/pages/MentalHealth.tsx(313,9): error TS17004: Cannot use JSX unless the '--jsx' flag is provided.
src/pages/MentalHealth.tsx(317,15): error TS17004: Cannot use JSX unless the '--jsx' flag is provided.
src/pages/MentalHealth.tsx(322,17): error TS17004: Cannot use JSX unless the '--jsx' flag is provided.
src/pages/MentalHealth.tsx(323,19): error TS17004: Cannot use JSX unless the '--jsx' flag is provided.
src/pages/MentalHealth.tsx(325,17): error TS17004: Cannot use JSX unless the '--jsx' flag is provided.
src/pages/MentalHealth.tsx(326,19): error TS17004: Cannot use JSX unless the '--jsx' flag is provided.
src/pages/MentalHealth.tsx(327,21): error TS17004: Cannot use JSX unless the '--jsx' flag is provided.
src/pages/MentalHealth.tsx(328,21): error TS17004: Cannot use JSX unless the '--jsx' flag is provided.
src/pages/MentalHealth.tsx(332,19): error TS17004: Cannot use JSX unless the '--jsx' flag is provided.
src/pages/MentalHealth.tsx(334,17): error TS17004: Cannot use JSX unless the '--jsx' flag is provided.
src/pages/MentalHealth.tsx(340,9): error TS17004: Cannot use JSX unless the '--jsx' flag is provided.
src/pages/MentalHealth.tsx(353,7): error TS17004: Cannot use JSX unless the '--jsx' flag is provided.
src/pages/MentalHealth.tsx(354,9): error TS17004: Cannot use JSX unless the '--jsx' flag is provided.
src/pages/MentalHealth.tsx(359,11): error TS17004: Cannot use JSX unless the '--jsx' flag is provided.
src/pages/MentalHealth.tsx(362,9): error TS17004: Cannot use JSX unless the '--jsx' flag is provided.
src/pages/MentalHealth.tsx(363,11): error TS17004: Cannot use JSX unless the '--jsx' flag is provided.
src/pages/MentalHealth.tsx(364,11): error TS17004: Cannot use JSX unless the '--jsx' flag is provided.
src/pages/MentalHealth.tsx(367,9): error TS17004: Cannot use JSX unless the '--jsx' flag is provided.
src/pages/MentalHealth.tsx(368,11): error TS17004: Cannot use JSX unless the '--jsx' flag is provided.
src/pages/MentalHealth.tsx(371,11): error TS17004: Cannot use JSX unless the '--jsx' flag is provided.
src/pages/MentalHealth.tsx(374,9): error TS17004: Cannot use JSX unless the '--jsx' flag is provided.
src/pages/MentalHealth.tsx(375,11): error TS17004: Cannot use JSX unless the '--jsx' flag is provided.
src/pages/MentalHealth.tsx(381,11): error TS17004: Cannot use JSX unless the '--jsx' flag is provided.
src/pages/MentalHealth.tsx(397,5): error TS17004: Cannot use JSX unless the '--jsx' flag is provided.
src/pages/MentalHealth.tsx(399,7): error TS17004: Cannot use JSX unless the '--jsx' flag is provided.
src/pages/MentalHealth.tsx(400,9): error TS17004: Cannot use JSX unless the '--jsx' flag is provided.
src/pages/MentalHealth.tsx(404,11): error TS17004: Cannot use JSX unless the '--jsx' flag is provided.
src/pages/MentalHealth.tsx(406,9): error TS17004: Cannot use JSX unless the '--jsx' flag is provided.
src/pages/MentalHealth.tsx(407,11): error TS17004: Cannot use JSX unless the '--jsx' flag is provided.
src/pages/MentalHealth.tsx(414,7): error TS17004: Cannot use JSX unless the '--jsx' flag is provided.
src/pages/MentalHealth.tsx(415,9): error TS17004: Cannot use JSX unless the '--jsx' flag is provided.
src/pages/MentalHealth.tsx(424,7): error TS17004: Cannot use JSX unless the '--jsx' flag is provided.
src/pages/MentalHealth.tsx(427,11): error TS17004: Cannot use JSX unless the '--jsx' flag is provided.
src/pages/MentalHealth.tsx(428,13): error TS17004: Cannot use JSX unless the '--jsx' flag is provided.
src/pages/MentalHealth.tsx(442,13): error TS17004: Cannot use JSX unless the '--jsx' flag is provided.
src/pages/MentalHealth.tsx(455,13): error TS17004: Cannot use JSX unless the '--jsx' flag is provided.
src/pages/MentalHealth.tsx(457,17): error TS17004: Cannot use JSX unless the '--jsx' flag is provided.
src/pages/MentalHealth.tsx(458,51): error TS17004: Cannot use JSX unless the '--jsx' flag is provided.
src/pages/MentalHealth.tsx(459,49): error TS17004: Cannot use JSX unless the '--jsx' flag is provided.
src/pages/MentalHealth.tsx(460,51): error TS17004: Cannot use JSX unless the '--jsx' flag is provided.
src/pages/MentalHealth.tsx(461,54): error TS17004: Cannot use JSX unless the '--jsx' flag is provided.
src/pages/MentalHealth.tsx(464,17): error TS17004: Cannot use JSX unless the '--jsx' flag is provided.
src/pages/MentalHealth.tsx(472,11): error TS17004: Cannot use JSX unless the '--jsx' flag is provided.
src/pages/MentalHealth.tsx(473,13): error TS17004: Cannot use JSX unless the '--jsx' flag is provided.
src/pages/MentalHealth.tsx(474,52): error TS17004: Cannot use JSX unless the '--jsx' flag is provided.
src/pages/MentalHealth.tsx(475,54): error TS17004: Cannot use JSX unless the '--jsx' flag is provided.
src/pages/MentalHealth.tsx(476,56): error TS17004: Cannot use JSX unless the '--jsx' flag is provided.
src/pages/MentalHealth.tsx(477,50): error TS17004: Cannot use JSX unless the '--jsx' flag is provided.
src/pages/MentalHealth.tsx(483,9): error TS17004: Cannot use JSX unless the '--jsx' flag is provided.
src/pages/MentalHealth.tsx(487,11): error TS17004: Cannot use JSX unless the '--jsx' flag is provided.
src/pages/MentalHealth.tsx(500,9): error TS17004: Cannot use JSX unless the '--jsx' flag is provided.
src/pages/MentalHealth.tsx(501,11): error TS17004: Cannot use JSX unless the '--jsx' flag is provided.
src/pages/MentalHealth.tsx(504,11): error TS17004: Cannot use JSX unless the '--jsx' flag is provided.
src/pages/MentalHealth.tsx(508,9): error TS17004: Cannot use JSX unless the '--jsx' flag is provided.
src/pages/MentalHealth.tsx(509,11): error TS17004: Cannot use JSX unless the '--jsx' flag is provided.
src/pages/MentalHealth.tsx(514,13): error TS17004: Cannot use JSX unless the '--jsx' flag is provided.
src/pages/MentalHealth.tsx(517,11): error TS17004: Cannot use JSX unless the '--jsx' flag is provided.
src/pages/MentalHealth.tsx(527,15): error TS17004: Cannot use JSX unless the '--jsx' flag is provided.
src/pages/MentalHealth.tsx(529,15): error TS17004: Cannot use JSX unless the '--jsx' flag is provided.
src/pages/MentalHealth.tsx(533,11): error TS17004: Cannot use JSX unless the '--jsx' flag is provided.
src/pages/MentalHealth.tsx(538,13): error TS17004: Cannot use JSX unless the '--jsx' flag is provided.
src/pages/MentalHealth.tsx(543,9): error TS17004: Cannot use JSX unless the '--jsx' flag is provided.
src/pages/MentalHealth.tsx(544,11): error TS17004: Cannot use JSX unless the '--jsx' flag is provided.
src/pages/MentalHealth.tsx(548,13): error TS17004: Cannot use JSX unless the '--jsx' flag is provided.
src/pages/MentalHealth.tsx(550,11): error TS17004: Cannot use JSX unless the '--jsx' flag is provided.
src/pages/MentalHealth.tsx(559,9): error TS17004: Cannot use JSX unless the '--jsx' flag is provided.
src/pages/MentalHealth.tsx(561,13): error TS17004: Cannot use JSX unless the '--jsx' flag is provided.
src/pages/MentalHealth.tsx(990,7): error TS17004: Cannot use JSX unless the '--jsx' flag is provided.
src/pages/MentalHealth.tsx(991,9): error TS17004: Cannot use JSX unless the '--jsx' flag is provided.
src/pages/MentalHealth.tsx(992,11): error TS17004: Cannot use JSX unless the '--jsx' flag is provided.
src/pages/MentalHealth.tsx(993,13): error TS17004: Cannot use JSX unless the '--jsx' flag is provided.
src/pages/MentalHealth.tsx(995,11): error TS17004: Cannot use JSX unless the '--jsx' flag is provided.
src/pages/MentalHealth.tsx(996,11): error TS17004: Cannot use JSX unless the '--jsx' flag is provided.
src/pages/MentalHealth.tsx(1001,11): error TS17004: Cannot use JSX unless the '--jsx' flag is provided.
src/pages/MentalHealth.tsx(1002,13): error TS17004: Cannot use JSX unless the '--jsx' flag is provided.
src/pages/MentalHealth.tsx(1003,13): error TS17004: Cannot use JSX unless the '--jsx' flag is provided.
src/pages/MentalHealth.tsx(1004,15): error TS17004: Cannot use JSX unless the '--jsx' flag is provided.
src/pages/MentalHealth.tsx(1005,15): error TS17004: Cannot use JSX unless the '--jsx' flag is provided.
src/pages/MentalHealth.tsx(1007,19): error TS17004: Cannot use JSX unless the '--jsx' flag is provided.
src/pages/MentalHealth.tsx(1014,9): error TS17004: Cannot use JSX unless the '--jsx' flag is provided.
src/pages/MentalHealth.tsx(1015,11): error TS17004: Cannot use JSX unless the '--jsx' flag is provided.
src/pages/MentalHealth.tsx(1016,11): error TS17004: Cannot use JSX unless the '--jsx' flag is provided.
src/pages/MentalHealth.tsx(1019,9): error TS17004: Cannot use JSX unless the '--jsx' flag is provided.
src/pages/MentalHealth.tsx(1020,11): error TS17004: Cannot use JSX unless the '--jsx' flag is provided.
src/pages/MentalHealth.tsx(1021,13): error TS17004: Cannot use JSX unless the '--jsx' flag is provided.
src/pages/MentalHealth.tsx(1022,15): error TS17004: Cannot use JSX unless the '--jsx' flag is provided.
src/pages/MentalHealth.tsx(1024,13): error TS17004: Cannot use JSX unless the '--jsx' flag is provided.
src/pages/MentalHealth.tsx(1025,13): error TS17004: Cannot use JSX unless the '--jsx' flag is provided.
src/pages/MentalHealth.tsx(1026,15): error TS17004: Cannot use JSX unless the '--jsx' flag is provided.
src/pages/MentalHealth.tsx(1027,15): error TS17004: Cannot use JSX unless the '--jsx' flag is provided.
src/pages/MentalHealth.tsx(1030,11): error TS17004: Cannot use JSX unless the '--jsx' flag is provided.
src/pages/MentalHealth.tsx(1031,13): error TS17004: Cannot use JSX unless the '--jsx' flag is provided.
src/pages/MentalHealth.tsx(1032,15): error TS17004: Cannot use JSX unless the '--jsx' flag is provided.
src/pages/MentalHealth.tsx(1034,13): error TS17004: Cannot use JSX unless the '--jsx' flag is provided.
src/pages/MentalHealth.tsx(1035,13): error TS17004: Cannot use JSX unless the '--jsx' flag is provided.
src/pages/MentalHealth.tsx(1043,11): error TS17004: Cannot use JSX unless the '--jsx' flag is provided.
src/pages/MentalHealth.tsx(1044,13): error TS17004: Cannot use JSX unless the '--jsx' flag is provided.
src/pages/MentalHealth.tsx(1045,13): error TS17004: Cannot use JSX unless the '--jsx' flag is provided.
src/pages/MentalHealth.tsx(1047,17): error TS17004: Cannot use JSX unless the '--jsx' flag is provided.
src/pages/MentalHealth.tsx(1056,11): error TS17004: Cannot use JSX unless the '--jsx' flag is provided.
src/pages/MentalHealth.tsx(1057,13): error TS17004: Cannot use JSX unless the '--jsx' flag is provided.
src/pages/MentalHealth.tsx(1058,13): error TS17004: Cannot use JSX unless the '--jsx' flag is provided.
src/pages/MentalHealth.tsx(1060,17): error TS17004: Cannot use JSX unless the '--jsx' flag is provided.
src/pages/MentalHealth.tsx(1061,19): error TS17004: Cannot use JSX unless the '--jsx' flag is provided.
src/pages/MentalHealth.tsx(1062,19): error TS17004: Cannot use JSX unless the '--jsx' flag is provided.
src/pages/MentalHealth.tsx(1069,9): error TS17004: Cannot use JSX unless the '--jsx' flag is provided.
src/pages/MentalHealth.tsx(1070,11): error TS17004: Cannot use JSX unless the '--jsx' flag is provided.
src/pages/MentalHealth.tsx(1071,11): error TS17004: Cannot use JSX unless the '--jsx' flag is provided.
src/pages/MentalHealth.tsx(1073,15): error TS17004: Cannot use JSX unless the '--jsx' flag is provided.
src/pages/MentalHealth.tsx(1074,17): error TS17004: Cannot use JSX unless the '--jsx' flag is provided.
src/pages/MentalHealth.tsx(1075,19): error TS17004: Cannot use JSX unless the '--jsx' flag is provided.
src/pages/MentalHealth.tsx(1083,9): error TS17004: Cannot use JSX unless the '--jsx' flag is provided.
src/pages/MentalHealth.tsx(1087,11): error TS17004: Cannot use JSX unless the '--jsx' flag is provided.
src/pages/MentalHealth.tsx(1095,7): error TS17004: Cannot use JSX unless the '--jsx' flag is provided.
src/pages/MentalHealth.tsx(1096,9): error TS17004: Cannot use JSX unless the '--jsx' flag is provided.
src/pages/MentalHealth.tsx(1097,9): error TS17004: Cannot use JSX unless the '--jsx' flag is provided.
src/pages/MentalHealth.tsx(1098,9): error TS17004: Cannot use JSX unless the '--jsx' flag is provided.
src/pages/MentalHealth.tsx(1105,7): error TS17004: Cannot use JSX unless the '--jsx' flag is provided.
src/pages/MentalHealth.tsx(1106,9): error TS17004: Cannot use JSX unless the '--jsx' flag is provided.
src/pages/MentalHealth.tsx(1107,11): error TS17004: Cannot use JSX unless the '--jsx' flag is provided.
src/pages/MentalHealth.tsx(1109,9): error TS17004: Cannot use JSX unless the '--jsx' flag is provided.
src/pages/MentalHealth.tsx(1110,11): error TS17004: Cannot use JSX unless the '--jsx' flag is provided.
src/pages/MentalHealth.tsx(1111,11): error TS17004: Cannot use JSX unless the '--jsx' flag is provided.
src/pages/MentalHealth.tsx(1113,9): error TS17004: Cannot use JSX unless the '--jsx' flag is provided.
src/pages/MentalHealth.tsx(1114,11): error TS17004: Cannot use JSX unless the '--jsx' flag is provided.
src/pages/MentalHealth.tsx(1120,11): error TS17004: Cannot use JSX unless the '--jsx' flag is provided.
src/pages/MentalHealth.tsx(1134,7): error TS17004: Cannot use JSX unless the '--jsx' flag is provided.
src/pages/MentalHealth.tsx(1135,9): error TS17004: Cannot use JSX unless the '--jsx' flag is provided.
src/pages/MentalHealth.tsx(1136,11): error TS17004: Cannot use JSX unless the '--jsx' flag is provided.
src/pages/MentalHealth.tsx(1137,11): error TS17004: Cannot use JSX unless the '--jsx' flag is provided.
src/pages/MentalHealth.tsx(1139,9): error TS17004: Cannot use JSX unless the '--jsx' flag is provided.
src/pages/MentalHealth.tsx(1141,13): error TS17004: Cannot use JSX unless the '--jsx' flag is provided.
src/pages/MentalHealth.tsx(1146,15): error TS17004: Cannot use JSX unless the '--jsx' flag is provided.
src/pages/MentalHealth.tsx(1147,17): error TS17004: Cannot use JSX unless the '--jsx' flag is provided.
src/pages/MentalHealth.tsx(1149,15): error TS17004: Cannot use JSX unless the '--jsx' flag is provided.
src/pages/MentalHealth.tsx(1150,17): error TS17004: Cannot use JSX unless the '--jsx' flag is provided.
src/pages/MentalHealth.tsx(1151,17): error TS17004: Cannot use JSX unless the '--jsx' flag is provided.
src/pages/MentalHealth.tsx(1153,15): error TS17004: Cannot use JSX unless the '--jsx' flag is provided.
src/pages/MentalHealth.tsx(1164,5): error TS17004: Cannot use JSX unless the '--jsx' flag is provided.
src/pages/MentalHealth.tsx(1165,7): error TS17004: Cannot use JSX unless the '--jsx' flag is provided.
src/pages/MentalHealth.tsx(1166,9): error TS17004: Cannot use JSX unless the '--jsx' flag is provided.
src/pages/MentalHealth.tsx(1167,11): error TS17004: Cannot use JSX unless the '--jsx' flag is provided.
src/pages/MentalHealth.tsx(1168,13): error TS17004: Cannot use JSX unless the '--jsx' flag is provided.
src/pages/MentalHealth.tsx(1170,11): error TS17004: Cannot use JSX unless the '--jsx' flag is provided.
src/pages/MentalHealth.tsx(1171,13): error TS17004: Cannot use JSX unless the '--jsx' flag is provided.
src/pages/MentalHealth.tsx(1172,13): error TS17004: Cannot use JSX unless the '--jsx' flag is provided.
src/pages/MentalHealth.tsx(1173,15): error TS17004: Cannot use JSX unless the '--jsx' flag is provided.
src/pages/MentalHealth.tsx(1174,15): error TS17004: Cannot use JSX unless the '--jsx' flag is provided.
src/pages/MentalHealth.tsx(1180,9): error TS17004: Cannot use JSX unless the '--jsx' flag is provided.
src/pages/MentalHealth.tsx(1181,11): error TS17004: Cannot use JSX unless the '--jsx' flag is provided.
src/pages/MentalHealth.tsx(1185,7): error TS17004: Cannot use JSX unless the '--jsx' flag is provided.
src/pages/MentalHealth.tsx(1186,9): error TS17004: Cannot use JSX unless the '--jsx' flag is provided.
src/pages/MentalHealth.tsx(1187,11): error TS17004: Cannot use JSX unless the '--jsx' flag is provided.
src/pages/MentalHealth.tsx(1188,11): error TS17004: Cannot use JSX unless the '--jsx' flag is provided.
src/pages/MentalHealth.tsx(1190,9): error TS17004: Cannot use JSX unless the '--jsx' flag is provided.
src/pages/MentalHealth.tsx(1191,11): error TS17004: Cannot use JSX unless the '--jsx' flag is provided.
src/pages/MentalHealth.tsx(1199,7): error TS17004: Cannot use JSX unless the '--jsx' flag is provided.
src/pages/MentalHealth.tsx(1200,9): error TS17004: Cannot use JSX unless the '--jsx' flag is provided.
src/pages/MentalHealth.tsx(1207,11): error TS17004: Cannot use JSX unless the '--jsx' flag is provided.
src/pages/MentalHealth.tsx(1211,11): error TS17004: Cannot use JSX unless the '--jsx' flag is provided.
src/pages/MentalHealth.tsx(1213,15): error TS17004: Cannot use JSX unless the '--jsx' flag is provided.
src/pages/MentalHealth.tsx(1220,17): error TS17004: Cannot use JSX unless the '--jsx' flag is provided.
src/pages/MentalHealth.tsx(1221,19): error TS17004: Cannot use JSX unless the '--jsx' flag is provided.
src/pages/MentalHealth.tsx(1224,19): error TS17004: Cannot use JSX unless the '--jsx' flag is provided.
src/pages/MentalHealth.tsx(1226,17): error TS17004: Cannot use JSX unless the '--jsx' flag is provided.
src/pages/MentalHealth.tsx(1227,19): error TS17004: Cannot use JSX unless the '--jsx' flag is provided.
src/pages/MentalHealth.tsx(1270,7): error TS17004: Cannot use JSX unless the '--jsx' flag is provided.
src/pages/MentalHealth.tsx(1271,9): error TS17004: Cannot use JSX unless the '--jsx' flag is provided.
src/pages/MentalHealth.tsx(1275,11): error TS17004: Cannot use JSX unless the '--jsx' flag is provided.
src/pages/MentalHealth.tsx(1278,9): error TS17004: Cannot use JSX unless the '--jsx' flag is provided.
src/pages/MentalHealth.tsx(1279,11): error TS17004: Cannot use JSX unless the '--jsx' flag is provided.
src/pages/MentalHealth.tsx(1280,13): error TS17004: Cannot use JSX unless the '--jsx' flag is provided.
src/pages/MentalHealth.tsx(1281,15): error TS17004: Cannot use JSX unless the '--jsx' flag is provided.
src/pages/MentalHealth.tsx(1283,13): error TS17004: Cannot use JSX unless the '--jsx' flag is provided.
src/pages/MentalHealth.tsx(1284,15): error TS17004: Cannot use JSX unless the '--jsx' flag is provided.
src/pages/MentalHealth.tsx(1285,15): error TS17004: Cannot use JSX unless the '--jsx' flag is provided.
src/pages/MentalHealth.tsx(1291,13): error TS17004: Cannot use JSX unless the '--jsx' flag is provided.
src/pages/MentalHealth.tsx(1292,15): error TS17004: Cannot use JSX unless the '--jsx' flag is provided.
src/pages/MentalHealth.tsx(1293,15): error TS17004: Cannot use JSX unless the '--jsx' flag is provided.
src/pages/MentalHealth.tsx(1294,17): error TS17004: Cannot use JSX unless the '--jsx' flag is provided.
src/pages/MentalHealth.tsx(1295,17): error TS17004: Cannot use JSX unless the '--jsx' flag is provided.
src/pages/MentalHealth.tsx(1297,21): error TS17004: Cannot use JSX unless the '--jsx' flag is provided.
src/pages/MentalHealth.tsx(1304,11): error TS17004: Cannot use JSX unless the '--jsx' flag is provided.
src/pages/MentalHealth.tsx(1305,13): error TS17004: Cannot use JSX unless the '--jsx' flag is provided.
src/pages/MentalHealth.tsx(1306,13): error TS17004: Cannot use JSX unless the '--jsx' flag is provided.
src/pages/MentalHealth.tsx(1307,15): error TS17004: Cannot use JSX unless the '--jsx' flag is provided.
src/pages/MentalHealth.tsx(1311,11): error TS17004: Cannot use JSX unless the '--jsx' flag is provided.
src/pages/MentalHealth.tsx(1312,13): error TS17004: Cannot use JSX unless the '--jsx' flag is provided.
src/pages/MentalHealth.tsx(1313,15): error TS17004: Cannot use JSX unless the '--jsx' flag is provided.
src/pages/MentalHealth.tsx(1314,17): error TS17004: Cannot use JSX unless the '--jsx' flag is provided.
src/pages/MentalHealth.tsx(1316,15): error TS17004: Cannot use JSX unless the '--jsx' flag is provided.
src/pages/MentalHealth.tsx(1317,15): error TS17004: Cannot use JSX unless the '--jsx' flag is provided.
src/pages/MentalHealth.tsx(1318,17): error TS17004: Cannot use JSX unless the '--jsx' flag is provided.
src/pages/MentalHealth.tsx(1319,17): error TS17004: Cannot use JSX unless the '--jsx' flag is provided.
src/pages/MentalHealth.tsx(1322,13): error TS17004: Cannot use JSX unless the '--jsx' flag is provided.
src/pages/MentalHealth.tsx(1323,15): error TS17004: Cannot use JSX unless the '--jsx' flag is provided.
src/pages/MentalHealth.tsx(1324,17): error TS17004: Cannot use JSX unless the '--jsx' flag is provided.
src/pages/MentalHealth.tsx(1326,15): error TS17004: Cannot use JSX unless the '--jsx' flag is provided.
src/pages/MentalHealth.tsx(1327,15): error TS17004: Cannot use JSX unless the '--jsx' flag is provided.
src/pages/MentalHealth.tsx(1335,13): error TS17004: Cannot use JSX unless the '--jsx' flag is provided.
src/pages/MentalHealth.tsx(1336,15): error TS17004: Cannot use JSX unless the '--jsx' flag is provided.
src/pages/MentalHealth.tsx(1337,15): error TS17004: Cannot use JSX unless the '--jsx' flag is provided.
src/pages/MentalHealth.tsx(1339,19): error TS17004: Cannot use JSX unless the '--jsx' flag is provided.
src/pages/MentalHealth.tsx(1347,11): error TS17004: Cannot use JSX unless the '--jsx' flag is provided.
src/pages/MentalHealth.tsx(1349,15): error TS17004: Cannot use JSX unless the '--jsx' flag is provided.
src/pages/MentalHealth.tsx(1350,17): error TS17004: Cannot use JSX unless the '--jsx' flag is provided.
src/pages/MentalHealth.tsx(1351,17): error TS17004: Cannot use JSX unless the '--jsx' flag is provided.
src/pages/MentalHealth.tsx(1353,21): error TS17004: Cannot use JSX unless the '--jsx' flag is provided.
src/pages/MentalHealth.tsx(1354,23): error TS17004: Cannot use JSX unless the '--jsx' flag is provided.
src/pages/MentalHealth.tsx(1355,23): error TS17004: Cannot use JSX unless the '--jsx' flag is provided.
src/pages/MentalHealth.tsx(1363,15): error TS17004: Cannot use JSX unless the '--jsx' flag is provided.
src/pages/MentalHealth.tsx(1364,17): error TS17004: Cannot use JSX unless the '--jsx' flag is provided.
src/pages/MentalHealth.tsx(1365,17): error TS17004: Cannot use JSX unless the '--jsx' flag is provided.
src/pages/MentalHealth.tsx(1367,21): error TS17004: Cannot use JSX unless the '--jsx' flag is provided.
src/pages/MentalHealth.tsx(1368,23): error TS17004: Cannot use JSX unless the '--jsx' flag is provided.
src/pages/MentalHealth.tsx(1369,25): error TS17004: Cannot use JSX unless the '--jsx' flag is provided.
src/pages/MentalHealth.tsx(1371,23): error TS17004: Cannot use JSX unless the '--jsx' flag is provided.
src/pages/MentalHealth.tsx(1385,5): error TS17004: Cannot use JSX unless the '--jsx' flag is provided.
src/pages/MentalHealth.tsx(1387,9): error TS17004: Cannot use JSX unless the '--jsx' flag is provided.
src/pages/MentalHealth.tsx(1388,11): error TS17004: Cannot use JSX unless the '--jsx' flag is provided.
src/pages/MentalHealth.tsx(1389,11): error TS17004: Cannot use JSX unless the '--jsx' flag is provided.
src/pages/MentalHealth.tsx(1392,9): error TS17004: Cannot use JSX unless the '--jsx' flag is provided.
src/pages/MentalHealth.tsx(1393,11): error TS17004: Cannot use JSX unless the '--jsx' flag is provided.
src/pages/MentalHealth.tsx(1396,9): error TS17004: Cannot use JSX unless the '--jsx' flag is provided.
src/pages/MentalHealth.tsx(1398,13): error TS17004: Cannot use JSX unless the '--jsx' flag is provided.
src/pages/MentalHealth.tsx(1403,15): error TS17004: Cannot use JSX unless the '--jsx' flag is provided.
src/pages/MentalHealth.tsx(1404,17): error TS17004: Cannot use JSX unless the '--jsx' flag is provided.
src/pages/MentalHealth.tsx(1405,19): error TS17004: Cannot use JSX unless the '--jsx' flag is provided.
src/pages/MentalHealth.tsx(1407,17): error TS17004: Cannot use JSX unless the '--jsx' flag is provided.
src/pages/MentalHealth.tsx(1408,19): error TS17004: Cannot use JSX unless the '--jsx' flag is provided.
src/pages/MentalHealth.tsx(1409,19): error TS17004: Cannot use JSX unless the '--jsx' flag is provided.
src/pages/MentalHealth.tsx(1412,15): error TS17004: Cannot use JSX unless the '--jsx' flag is provided.
src/pages/MentalHealth.tsx(1413,17): error TS17004: Cannot use JSX unless the '--jsx' flag is provided.
src/pages/MentalHealth.tsx(1414,19): error TS17004: Cannot use JSX unless the '--jsx' flag is provided.
src/pages/MentalHealth.tsx(1415,19): error TS17004: Cannot use JSX unless the '--jsx' flag is provided.
src/pages/MentalHealth.tsx(1417,17): error TS17004: Cannot use JSX unless the '--jsx' flag is provided.
src/pages/MentalHealth.tsx(1657,7): error TS17004: Cannot use JSX unless the '--jsx' flag is provided.
src/pages/MentalHealth.tsx(1658,9): error TS17004: Cannot use JSX unless the '--jsx' flag is provided.
src/pages/MentalHealth.tsx(1659,11): error TS17004: Cannot use JSX unless the '--jsx' flag is provided.
src/pages/MentalHealth.tsx(1660,13): error TS17004: Cannot use JSX unless the '--jsx' flag is provided.
src/pages/MentalHealth.tsx(1662,11): error TS17004: Cannot use JSX unless the '--jsx' flag is provided.
src/pages/MentalHealth.tsx(1663,11): error TS17004: Cannot use JSX unless the '--jsx' flag is provided.
src/pages/MentalHealth.tsx(1668,11): error TS17004: Cannot use JSX unless the '--jsx' flag is provided.
src/pages/MentalHealth.tsx(1673,13): error TS17004: Cannot use JSX unless the '--jsx' flag is provided.
src/pages/MentalHealth.tsx(1674,15): error TS17004: Cannot use JSX unless the '--jsx' flag is provided.
src/pages/MentalHealth.tsx(1675,15): error TS17004: Cannot use JSX unless the '--jsx' flag is provided.
src/pages/MentalHealth.tsx(1676,17): error TS17004: Cannot use JSX unless the '--jsx' flag is provided.
src/pages/MentalHealth.tsx(1677,19): error TS17004: Cannot use JSX unless the '--jsx' flag is provided.
src/pages/MentalHealth.tsx(1679,17): error TS17004: Cannot use JSX unless the '--jsx' flag is provided.
src/pages/MentalHealth.tsx(1681,15): error TS17004: Cannot use JSX unless the '--jsx' flag is provided.
src/pages/MentalHealth.tsx(1682,17): error TS17004: Cannot use JSX unless the '--jsx' flag is provided.
src/pages/MentalHealth.tsx(1688,9): error TS17004: Cannot use JSX unless the '--jsx' flag is provided.
src/pages/MentalHealth.tsx(1692,15): error TS17004: Cannot use JSX unless the '--jsx' flag is provided.
src/pages/MentalHealth.tsx(1697,17): error TS17004: Cannot use JSX unless the '--jsx' flag is provided.
src/pages/MentalHealth.tsx(1698,19): error TS17004: Cannot use JSX unless the '--jsx' flag is provided.
src/pages/MentalHealth.tsx(1700,17): error TS17004: Cannot use JSX unless the '--jsx' flag is provided.
src/pages/MentalHealth.tsx(1701,19): error TS17004: Cannot use JSX unless the '--jsx' flag is provided.
src/pages/MentalHealth.tsx(1702,19): error TS17004: Cannot use JSX unless the '--jsx' flag is provided.
src/pages/MentalHealth.tsx(1704,17): error TS17004: Cannot use JSX unless the '--jsx' flag is provided.
src/pages/MentalHealth.tsx(1710,9): error TS17004: Cannot use JSX unless the '--jsx' flag is provided.
src/pages/MentalHealth.tsx(1723,7): error TS17004: Cannot use JSX unless the '--jsx' flag is provided.
src/pages/MentalHealth.tsx(1724,9): error TS17004: Cannot use JSX unless the '--jsx' flag is provided.
src/pages/MentalHealth.tsx(1725,11): error TS17004: Cannot use JSX unless the '--jsx' flag is provided.
src/pages/MentalHealth.tsx(1729,13): error TS17004: Cannot use JSX unless the '--jsx' flag is provided.
src/pages/MentalHealth.tsx(1731,11): error TS17004: Cannot use JSX unless the '--jsx' flag is provided.
src/pages/MentalHealth.tsx(1736,9): error TS17004: Cannot use JSX unless the '--jsx' flag is provided.
src/pages/MentalHealth.tsx(1737,11): error TS17004: Cannot use JSX unless the '--jsx' flag is provided.
src/pages/MentalHealth.tsx(1738,11): error TS17004: Cannot use JSX unless the '--jsx' flag is provided.
src/pages/MentalHealth.tsx(1741,9): error TS17004: Cannot use JSX unless the '--jsx' flag is provided.
src/pages/MentalHealth.tsx(1743,13): error TS17004: Cannot use JSX unless the '--jsx' flag is provided.
src/pages/MentalHealth.tsx(1748,15): error TS17004: Cannot use JSX unless the '--jsx' flag is provided.
src/pages/MentalHealth.tsx(1753,9): error TS17004: Cannot use JSX unless the '--jsx' flag is provided.
src/pages/MentalHealth.tsx(1754,11): error TS17004: Cannot use JSX unless the '--jsx' flag is provided.
src/pages/MentalHealth.tsx(1761,13): error TS17004: Cannot use JSX unless the '--jsx' flag is provided.
src/pages/MentalHealth.tsx(1763,11): error TS17004: Cannot use JSX unless the '--jsx' flag is provided.
src/pages/MentalHealth.tsx(1776,5): error TS17004: Cannot use JSX unless the '--jsx' flag is provided.
src/pages/MentalHealth.tsx(1778,7): error TS17004: Cannot use JSX unless the '--jsx' flag is provided.
src/pages/MentalHealth.tsx(1779,9): error TS17004: Cannot use JSX unless the '--jsx' flag is provided.
src/pages/MentalHealth.tsx(1788,11): error TS17004: Cannot use JSX unless the '--jsx' flag is provided.
src/pages/MentalHealth.tsx(1790,9): error TS17004: Cannot use JSX unless the '--jsx' flag is provided.
src/pages/MentalHealth.tsx(1792,13): error TS17004: Cannot use JSX unless the '--jsx' flag is provided.
src/pages/MentalHealth.tsx(1801,9): error TS17004: Cannot use JSX unless the '--jsx' flag is provided.
src/pages/MentalHealth.tsx(1802,11): error TS17004: Cannot use JSX unless the '--jsx' flag is provided.
src/pages/MentalHealth.tsx(1807,7): error TS17004: Cannot use JSX unless the '--jsx' flag is provided.
src/pages/MentalHealth.tsx(1816,7): error TS17004: Cannot use JSX unless the '--jsx' flag is provided.
src/pages/MentalHealth.tsx(1817,9): error TS17004: Cannot use JSX unless the '--jsx' flag is provided.
src/pages/MentalHealth.tsx(1827,11): error TS17004: Cannot use JSX unless the '--jsx' flag is provided.
src/pages/MentalHealth.tsx(1828,13): error TS17004: Cannot use JSX unless the '--jsx' flag is provided.
src/pages/MentalHealth.tsx(1835,7): error TS17004: Cannot use JSX unless the '--jsx' flag is provided.
src/pages/MentalHealth.tsx(1836,9): error TS17004: Cannot use JSX unless the '--jsx' flag is provided.
src/pages/MentalHealth.tsx(1837,11): error TS17004: Cannot use JSX unless the '--jsx' flag is provided.
src/pages/MentalHealth.tsx(1846,28): error TS17004: Cannot use JSX unless the '--jsx' flag is provided.
src/pages/MentalHealth.tsx(1846,65): error TS17004: Cannot use JSX unless the '--jsx' flag is provided.
src/pages/MentalHealth.tsx(1850,11): error TS17004: Cannot use JSX unless the '--jsx' flag is provided.
src/pages/MentalHealth.tsx(1855,13): error TS17004: Cannot use JSX unless the '--jsx' flag is provided.
src/pages/MentalHealth.tsx(1859,9): error TS17004: Cannot use JSX unless the '--jsx' flag is provided.
src/pages/MentalHealth.tsx(1860,11): error TS17004: Cannot use JSX unless the '--jsx' flag is provided.
src/pages/MentalHealth.tsx(1861,11): error TS17004: Cannot use JSX unless the '--jsx' flag is provided.
src/pages/MentalHealth.tsx(1872,7): error TS17004: Cannot use JSX unless the '--jsx' flag is provided.
src/pages/MentalHealth.tsx(1873,9): error TS17004: Cannot use JSX unless the '--jsx' flag is provided.
src/pages/MentalHealth.tsx(1874,11): error TS17004: Cannot use JSX unless the '--jsx' flag is provided.
src/pages/MentalHealth.tsx(1991,5): error TS17004: Cannot use JSX unless the '--jsx' flag is provided.
src/pages/MentalHealth.tsx(1993,7): error TS17004: Cannot use JSX unless the '--jsx' flag is provided.
src/pages/MentalHealth.tsx(1994,9): error TS17004: Cannot use JSX unless the '--jsx' flag is provided.
src/pages/MentalHealth.tsx(1995,11): error TS17004: Cannot use JSX unless the '--jsx' flag is provided.
src/pages/MentalHealth.tsx(1997,9): error TS17004: Cannot use JSX unless the '--jsx' flag is provided.
src/pages/MentalHealth.tsx(1998,9): error TS17004: Cannot use JSX unless the '--jsx' flag is provided.
src/pages/MentalHealth.tsx(2002,7): error TS17004: Cannot use JSX unless the '--jsx' flag is provided.
src/pages/MentalHealth.tsx(2003,9): error TS17004: Cannot use JSX unless the '--jsx' flag is provided.
src/pages/MentalHealth.tsx(2004,11): error TS17004: Cannot use JSX unless the '--jsx' flag is provided.
src/pages/MentalHealth.tsx(2005,13): error TS17004: Cannot use JSX unless the '--jsx' flag is provided.
src/pages/MentalHealth.tsx(2007,11): error TS17004: Cannot use JSX unless the '--jsx' flag is provided.
src/pages/MentalHealth.tsx(2008,13): error TS17004: Cannot use JSX unless the '--jsx' flag is provided.
src/pages/MentalHealth.tsx(2011,13): error TS17004: Cannot use JSX unless the '--jsx' flag is provided.
src/pages/MentalHealth.tsx(2019,7): error TS17004: Cannot use JSX unless the '--jsx' flag is provided.
src/pages/MentalHealth.tsx(2020,9): error TS17004: Cannot use JSX unless the '--jsx' flag is provided.
src/pages/MentalHealth.tsx(2031,11): error TS17004: Cannot use JSX unless the '--jsx' flag is provided.
src/pages/MentalHealth.tsx(2037,13): error TS17004: Cannot use JSX unless the '--jsx' flag is provided.
src/pages/MentalHealth.tsx(2042,15): error TS17004: Cannot use JSX unless the '--jsx' flag is provided.
src/pages/MentalHealth.tsx(2043,15): error TS17004: Cannot use JSX unless the '--jsx' flag is provided.
src/pages/MentalHealth.tsx(2050,11): error TS17004: Cannot use JSX unless the '--jsx' flag is provided.
src/pages/MentalHealth.tsx(2051,13): error TS17004: Cannot use JSX unless the '--jsx' flag is provided.
src/pages/MentalHealth.tsx(2058,7): error TS17004: Cannot use JSX unless the '--jsx' flag is provided.
src/pages/MentalHealth.tsx(2059,9): error TS17004: Cannot use JSX unless the '--jsx' flag is provided.
src/pages/MentalHealth.tsx(2060,11): error TS17004: Cannot use JSX unless the '--jsx' flag is provided.
src/pages/MentalHealth.tsx(2070,28): error TS17004: Cannot use JSX unless the '--jsx' flag is provided.
src/pages/MentalHealth.tsx(2070,65): error TS17004: Cannot use JSX unless the '--jsx' flag is provided.
src/pages/MentalHealth.tsx(2074,11): error TS17004: Cannot use JSX unless the '--jsx' flag is provided.
src/pages/MentalHealth.tsx(2079,13): error TS17004: Cannot use JSX unless the '--jsx' flag is provided.
src/pages/MentalHealth.tsx(2083,9): error TS17004: Cannot use JSX unless the '--jsx' flag is provided.
src/pages/MentalHealth.tsx(2087,7): error TS17004: Cannot use JSX unless the '--jsx' flag is provided.
src/pages/MentalHealth.tsx(2088,9): error TS17004: Cannot use JSX unless the '--jsx' flag is provided.
src/pages/MentalHealth.tsx(2093,11): error TS17004: Cannot use JSX unless the '--jsx' flag is provided.
src/pages/MentalHealth.tsx(2097,9): error TS17004: Cannot use JSX unless the '--jsx' flag is provided.
src/pages/MentalHealth.tsx(2102,11): error TS17004: Cannot use JSX unless the '--jsx' flag is provided.
src/pages/MentalHealth.tsx(2108,7): error TS17004: Cannot use JSX unless the '--jsx' flag is provided.
src/pages/MentalHealth.tsx(2314,5): error TS17004: Cannot use JSX unless the '--jsx' flag is provided.
src/pages/MentalHealth.tsx(2315,7): error TS17004: Cannot use JSX unless the '--jsx' flag is provided.
src/pages/MentalHealth.tsx(2316,9): error TS17004: Cannot use JSX unless the '--jsx' flag is provided.
src/pages/MentalHealth.tsx(2317,9): error TS17004: Cannot use JSX unless the '--jsx' flag is provided.
src/pages/MentalHealth.tsx(2320,7): error TS17004: Cannot use JSX unless the '--jsx' flag is provided.
src/pages/MentalHealth.tsx(2323,9): error TS17004: Cannot use JSX unless the '--jsx' flag is provided.
src/pages/MentalHealth.tsx(2326,11): error TS17004: Cannot use JSX unless the '--jsx' flag is provided.
src/pages/MentalHealth.tsx(2332,13): error TS17004: Cannot use JSX unless the '--jsx' flag is provided.
src/pages/MentalHealth.tsx(2333,13): error TS17004: Cannot use JSX unless the '--jsx' flag is provided.
src/pages/MentalHealth.tsx(2334,15): error TS17004: Cannot use JSX unless the '--jsx' flag is provided.
src/pages/MentalHealth.tsx(2335,17): error TS17004: Cannot use JSX unless the '--jsx' flag is provided.
src/pages/MentalHealth.tsx(2336,17): error TS17004: Cannot use JSX unless the '--jsx' flag is provided.
src/pages/MentalHealth.tsx(2337,17): error TS17004: Cannot use JSX unless the '--jsx' flag is provided.
src/pages/MentalHealth.tsx(2338,19): error TS17004: Cannot use JSX unless the '--jsx' flag is provided.
src/pages/MentalHealth.tsx(2341,15): error TS17004: Cannot use JSX unless the '--jsx' flag is provided.
src/pages/MentalHealth.tsx(2342,15): error TS17004: Cannot use JSX unless the '--jsx' flag is provided.
src/pages/MentalHealth.tsx(2344,15): error TS17004: Cannot use JSX unless the '--jsx' flag is provided.
src/pages/MentalHealth.tsx(2348,15): error TS17004: Cannot use JSX unless the '--jsx' flag is provided.
src/pages/MentalHealth.tsx(2349,17): error TS17004: Cannot use JSX unless the '--jsx' flag is provided.
src/pages/MentalHealth.tsx(2353,19): error TS17004: Cannot use JSX unless the '--jsx' flag is provided.
src/pages/MentalHealth.tsx(2355,17): error TS17004: Cannot use JSX unless the '--jsx' flag is provided.
src/pages/MentalHealth.tsx(2359,32): error TS17004: Cannot use JSX unless the '--jsx' flag is provided.
src/pages/MentalHealth.tsx(2359,68): error TS17004: Cannot use JSX unless the '--jsx' flag is provided.
src/pages/MentalHealth.tsx(2363,15): error TS17004: Cannot use JSX unless the '--jsx' flag is provided.
src/pages/MentalHealth.tsx(2365,19): error TS17004: Cannot use JSX unless the '--jsx' flag is provided.
src/pages/MentalHealth.tsx(2378,11): error TS17004: Cannot use JSX unless the '--jsx' flag is provided.
src/pages/MentalHealth.tsx(2384,13): error TS17004: Cannot use JSX unless the '--jsx' flag is provided.
src/pages/MentalHealth.tsx(2385,15): error TS17004: Cannot use JSX unless the '--jsx' flag is provided.
src/pages/MentalHealth.tsx(2386,15): error TS17004: Cannot use JSX unless the '--jsx' flag is provided.
src/pages/MentalHealth.tsx(2389,13): error TS17004: Cannot use JSX unless the '--jsx' flag is provided.
src/pages/MentalHealth.tsx(2392,19): error TS17004: Cannot use JSX unless the '--jsx' flag is provided.
src/pages/MentalHealth.tsx(2396,19): error TS17004: Cannot use JSX unless the '--jsx' flag is provided.
src/pages/MentalHealth.tsx(2397,21): error TS17004: Cannot use JSX unless the '--jsx' flag is provided.
src/pages/MentalHealth.tsx(2398,23): error TS17004: Cannot use JSX unless the '--jsx' flag is provided.
src/pages/MentalHealth.tsx(2399,25): error TS17004: Cannot use JSX unless the '--jsx' flag is provided.
src/pages/MentalHealth.tsx(2401,23): error TS17004: Cannot use JSX unless the '--jsx' flag is provided.
src/pages/MentalHealth.tsx(2402,25): error TS17004: Cannot use JSX unless the '--jsx' flag is provided.
src/pages/MentalHealth.tsx(2403,25): error TS17004: Cannot use JSX unless the '--jsx' flag is provided.
src/pages/MentalHealth.tsx(2409,17): error TS17004: Cannot use JSX unless the '--jsx' flag is provided.
src/pages/MentalHealth.tsx(2410,19): error TS17004: Cannot use JSX unless the '--jsx' flag is provided.
src/pages/MentalHealth.tsx(2411,21): error TS17004: Cannot use JSX unless the '--jsx' flag is provided.
src/pages/MentalHealth.tsx(2412,23): error TS17004: Cannot use JSX unless the '--jsx' flag is provided.
src/pages/MentalHealth.tsx(2414,21): error TS17004: Cannot use JSX unless the '--jsx' flag is provided.
src/pages/MentalHealth.tsx(2415,23): error TS17004: Cannot use JSX unless the '--jsx' flag is provided.
src/pages/MentalHealth.tsx(2416,23): error TS17004: Cannot use JSX unless the '--jsx' flag is provided.
src/pages/MentalHealth.tsx(2423,17): error TS17004: Cannot use JSX unless the '--jsx' flag is provided.
src/pages/MentalHealth.tsx(2424,19): error TS17004: Cannot use JSX unless the '--jsx' flag is provided.
src/pages/MentalHealth.tsx(2425,21): error TS17004: Cannot use JSX unless the '--jsx' flag is provided.
src/pages/MentalHealth.tsx(2426,23): error TS17004: Cannot use JSX unless the '--jsx' flag is provided.
src/pages/MentalHealth.tsx(2428,21): error TS17004: Cannot use JSX unless the '--jsx' flag is provided.
src/pages/MentalHealth.tsx(2429,23): error TS17004: Cannot use JSX unless the '--jsx' flag is provided.
src/pages/MentalHealth.tsx(2430,23): error TS17004: Cannot use JSX unless the '--jsx' flag is provided.
src/pages/MentalHealth.tsx(2441,9): error TS17004: Cannot use JSX unless the '--jsx' flag is provided.
src/pages/MentalHealth.tsx(2444,11): error TS17004: Cannot use JSX unless the '--jsx' flag is provided.
src/pages/MentalHealth.tsx(2450,13): error TS17004: Cannot use JSX unless the '--jsx' flag is provided.
src/pages/MentalHealth.tsx(2451,15): error TS17004: Cannot use JSX unless the '--jsx' flag is provided.
src/pages/MentalHealth.tsx(2452,15): error TS17004: Cannot use JSX unless the '--jsx' flag is provided.
src/pages/MentalHealth.tsx(2460,13): error TS17004: Cannot use JSX unless the '--jsx' flag is provided.
src/pages/MentalHealth.tsx(2462,17): error TS17004: Cannot use JSX unless the '--jsx' flag is provided.
src/pages/MentalHealth.tsx(2463,19): error TS17004: Cannot use JSX unless the '--jsx' flag is provided.
src/pages/MentalHealth.tsx(2464,46): error TS17004: Cannot use JSX unless the '--jsx' flag is provided.
src/pages/MentalHealth.tsx(2465,44): error TS17004: Cannot use JSX unless the '--jsx' flag is provided.
src/pages/MentalHealth.tsx(2466,43): error TS17004: Cannot use JSX unless the '--jsx' flag is provided.
src/pages/MentalHealth.tsx(2467,46): error TS17004: Cannot use JSX unless the '--jsx' flag is provided.
src/pages/MentalHealth.tsx(2468,47): error TS17004: Cannot use JSX unless the '--jsx' flag is provided.
src/pages/MentalHealth.tsx(2469,42): error TS17004: Cannot use JSX unless the '--jsx' flag is provided.
src/pages/MentalHealth.tsx(2470,21): error TS17004: Cannot use JSX unless the '--jsx' flag is provided.
src/pages/MentalHealth.tsx(2472,19): error TS17004: Cannot use JSX unless the '--jsx' flag is provided.
src/pages/MentalHealth.tsx(2473,19): error TS17004: Cannot use JSX unless the '--jsx' flag is provided.
src/pages/MentalHealth.tsx(2477,17): error TS17004: Cannot use JSX unless the '--jsx' flag is provided.
src/pages/MentalHealth.tsx(2483,11): error TS17004: Cannot use JSX unless the '--jsx' flag is provided.
src/pages/MentalHealth.tsx(2489,13): error TS17004: Cannot use JSX unless the '--jsx' flag is provided.
src/pages/MentalHealth.tsx(2490,15): error TS17004: Cannot use JSX unless the '--jsx' flag is provided.
src/pages/MentalHealth.tsx(2491,15): error TS17004: Cannot use JSX unless the '--jsx' flag is provided.
src/pages/MentalHealth.tsx(2495,17): error TS17004: Cannot use JSX unless the '--jsx' flag is provided.
src/pages/MentalHealth.tsx(2499,13): error TS17004: Cannot use JSX unless the '--jsx' flag is provided.
src/pages/MentalHealth.tsx(2505,17): error TS17004: Cannot use JSX unless the '--jsx' flag is provided.
src/pages/MentalHealth.tsx(2510,19): error TS17004: Cannot use JSX unless the '--jsx' flag is provided.
src/pages/MentalHealth.tsx(2511,21): error TS17004: Cannot use JSX unless the '--jsx' flag is provided.
src/pages/MentalHealth.tsx(2512,23): error TS17004: Cannot use JSX unless the '--jsx' flag is provided.
src/pages/MentalHealth.tsx(2514,21): error TS17004: Cannot use JSX unless the '--jsx' flag is provided.
src/pages/MentalHealth.tsx(2515,23): error TS17004: Cannot use JSX unless the '--jsx' flag is provided.
src/pages/MentalHealth.tsx(2516,23): error TS17004: Cannot use JSX unless the '--jsx' flag is provided.
src/pages/MentalHealth.tsx(2518,27): error TS17004: Cannot use JSX unless the '--jsx' flag is provided.
src/pages/MentalHealth.tsx(2523,19): error TS17004: Cannot use JSX unless the '--jsx' flag is provided.
src/pages/MentalHealth.tsx(2532,9): error TS17004: Cannot use JSX unless the '--jsx' flag is provided.
src/pages/MentalHealth.tsx(2535,11): error TS17004: Cannot use JSX unless the '--jsx' flag is provided.
src/pages/MentalHealth.tsx(2541,13): error TS17004: Cannot use JSX unless the '--jsx' flag is provided.
src/pages/MentalHealth.tsx(2542,15): error TS17004: Cannot use JSX unless the '--jsx' flag is provided.
src/pages/MentalHealth.tsx(2543,15): error TS17004: Cannot use JSX unless the '--jsx' flag is provided.
src/pages/MentalHealth.tsx(2551,13): error TS17004: Cannot use JSX unless the '--jsx' flag is provided.
src/pages/MentalHealth.tsx(2553,17): error TS17004: Cannot use JSX unless the '--jsx' flag is provided.
src/pages/MentalHealth.tsx(2558,19): error TS17004: Cannot use JSX unless the '--jsx' flag is provided.
src/pages/MentalHealth.tsx(2559,21): error TS17004: Cannot use JSX unless the '--jsx' flag is provided.
src/pages/MentalHealth.tsx(2560,23): error TS17004: Cannot use JSX unless the '--jsx' flag is provided.
src/pages/MentalHealth.tsx(2561,25): error TS17004: Cannot use JSX unless the '--jsx' flag is provided.
src/pages/MentalHealth.tsx(2563,23): error TS17004: Cannot use JSX unless the '--jsx' flag is provided.
src/pages/MentalHealth.tsx(2564,25): error TS17004: Cannot use JSX unless the '--jsx' flag is provided.
src/pages/MentalHealth.tsx(2565,25): error TS17004: Cannot use JSX unless the '--jsx' flag is provided.
src/pages/MentalHealth.tsx(2568,21): error TS17004: Cannot use JSX unless the '--jsx' flag is provided.
src/pages/MentalHealth.tsx(2579,7): error TS17004: Cannot use JSX unless the '--jsx' flag is provided.
src/pages/MentalHealth.tsx(2581,11): error TS17004: Cannot use JSX unless the '--jsx' flag is provided.
src/pages/MentalHealth.tsx(2582,13): error TS17004: Cannot use JSX unless the '--jsx' flag is provided.
src/pages/MentalHealth.tsx(2588,15): error TS17004: Cannot use JSX unless the '--jsx' flag is provided.
src/pages/MentalHealth.tsx(2589,17): error TS17004: Cannot use JSX unless the '--jsx' flag is provided.
src/pages/MentalHealth.tsx(2602,7): error TS17004: Cannot use JSX unless the '--jsx' flag is provided.
src/pages/MentalHealth.tsx(2604,11): error TS17004: Cannot use JSX unless the '--jsx' flag is provided.
src/pages/MentalHealth.tsx(2605,13): error TS17004: Cannot use JSX unless the '--jsx' flag is provided.
src/pages/MentalHealth.tsx(2611,15): error TS17004: Cannot use JSX unless the '--jsx' flag is provided.
src/pages/MentalHealth.tsx(2612,17): error TS17004: Cannot use JSX unless the '--jsx' flag is provided.
src/pages/MentalHealth.tsx(2613,19): error TS17004: Cannot use JSX unless the '--jsx' flag is provided.
src/pages/MentalHealth.tsx(2614,19): error TS17004: Cannot use JSX unless the '--jsx' flag is provided.
src/pages/MentalHealth.tsx(2615,21): error TS17004: Cannot use JSX unless the '--jsx' flag is provided.
src/pages/MentalHealth.tsx(2618,17): error TS17004: Cannot use JSX unless the '--jsx' flag is provided.
src/pages/MentalHealth.tsx(2626,7): error TS17004: Cannot use JSX unless the '--jsx' flag is provided.
src/pages/MentalHealth.tsx(2628,11): error TS17004: Cannot use JSX unless the '--jsx' flag is provided.
src/pages/MentalHealth.tsx(2629,13): error TS17004: Cannot use JSX unless the '--jsx' flag is provided.
src/pages/MentalHealth.tsx(2635,15): error TS17004: Cannot use JSX unless the '--jsx' flag is provided.
src/pages/MentalHealth.tsx(2636,17): error TS17004: Cannot use JSX unless the '--jsx' flag is provided.
src/pages/MentalHealth.tsx(2637,19): error TS17004: Cannot use JSX unless the '--jsx' flag is provided.
src/pages/MentalHealth.tsx(2639,17): error TS17004: Cannot use JSX unless the '--jsx' flag is provided.
src/pages/MentalHealth.tsx(2640,17): error TS17004: Cannot use JSX unless the '--jsx' flag is provided.
src/pages/MentalHealth.tsx(2642,17): error TS17004: Cannot use JSX unless the '--jsx' flag is provided.
src/pages/MentalHealth.tsx(2651,17): error TS17004: Cannot use JSX unless the '--jsx' flag is provided.
src/pages/MentalHealth.tsx(2652,19): error TS17004: Cannot use JSX unless the '--jsx' flag is provided.
src/pages/MentalHealth.tsx(2658,19): error TS17004: Cannot use JSX unless the '--jsx' flag is provided.
src/pages/MentalHealth.tsx(2673,7): error TS17004: Cannot use JSX unless the '--jsx' flag is provided.
src/pages/MentalHealth.tsx(2675,11): error TS17004: Cannot use JSX unless the '--jsx' flag is provided.
src/pages/MentalHealth.tsx(2676,13): error TS17004: Cannot use JSX unless the '--jsx' flag is provided.
src/pages/MentalHealth.tsx(2682,15): error TS17004: Cannot use JSX unless the '--jsx' flag is provided.
src/pages/MentalHealth.tsx(2683,17): error TS17004: Cannot use JSX unless the '--jsx' flag is provided.
src/pages/MentalHealth.tsx(2684,17): error TS17004: Cannot use JSX unless the '--jsx' flag is provided.
src/pages/MentalHealth.tsx(2684,111): error TS17004: Cannot use JSX unless the '--jsx' flag is provided.
src/pages/MentalHealth.tsx(2687,15): error TS17004: Cannot use JSX unless the '--jsx' flag is provided.
src/pages/MentalHealth.tsx(2689,19): error TS17004: Cannot use JSX unless the '--jsx' flag is provided.
src/pages/MentalHealth.tsx(2694,41): error TS17004: Cannot use JSX unless the '--jsx' flag is provided.
src/pages/MentalHealth.tsx(2695,39): error TS17004: Cannot use JSX unless the '--jsx' flag is provided.
src/pages/MentalHealth.tsx(2696,38): error TS17004: Cannot use JSX unless the '--jsx' flag is provided.
src/pages/MentalHealth.tsx(2697,41): error TS17004: Cannot use JSX unless the '--jsx' flag is provided.
src/pages/MentalHealth.tsx(2698,42): error TS17004: Cannot use JSX unless the '--jsx' flag is provided.
src/pages/MentalHealth.tsx(2699,37): error TS17004: Cannot use JSX unless the '--jsx' flag is provided.
src/pages/MentalHealth.tsx(2700,21): error TS17004: Cannot use JSX unless the '--jsx' flag is provided.
src/pages/MentalHealth.tsx(2705,15): error TS17004: Cannot use JSX unless the '--jsx' flag is provided.
src/pages/MentalHealth.tsx(2712,15): error TS17004: Cannot use JSX unless the '--jsx' flag is provided.
src/pages/MentalHealth.tsx(2728,7): error TS17004: Cannot use JSX unless the '--jsx' flag is provided.
src/pages/MentalHealth.tsx(2730,11): error TS17004: Cannot use JSX unless the '--jsx' flag is provided.
src/pages/MentalHealth.tsx(2731,13): error TS17004: Cannot use JSX unless the '--jsx' flag is provided.
src/pages/MentalHealth.tsx(2737,15): error TS17004: Cannot use JSX unless the '--jsx' flag is provided.
src/pages/MentalHealth.tsx(2738,17): error TS17004: Cannot use JSX unless the '--jsx' flag is provided.
src/pages/MentalHealth.tsx(2739,19): error TS17004: Cannot use JSX unless the '--jsx' flag is provided.
src/pages/MentalHealth.tsx(2740,21): error TS17004: Cannot use JSX unless the '--jsx' flag is provided.
src/pages/MentalHealth.tsx(2742,19): error TS17004: Cannot use JSX unless the '--jsx' flag is provided.
src/pages/MentalHealth.tsx(2744,17): error TS17004: Cannot use JSX unless the '--jsx' flag is provided.
src/pages/MentalHealth.tsx(2744,164): error TS17004: Cannot use JSX unless the '--jsx' flag is provided.
src/pages/MentalHealth.tsx(2747,15): error TS17004: Cannot use JSX unless the '--jsx' flag is provided.
src/pages/MentalHealth.tsx(2750,19): error TS17004: Cannot use JSX unless the '--jsx' flag is provided.
src/pages/MentalHealth.tsx(2751,21): error TS17004: Cannot use JSX unless the '--jsx' flag is provided.
src/pages/MentalHealth.tsx(2752,23): error TS17004: Cannot use JSX unless the '--jsx' flag is provided.
src/pages/MentalHealth.tsx(2754,21): error TS17004: Cannot use JSX unless the '--jsx' flag is provided.
src/pages/MentalHealth.tsx(2755,21): error TS17004: Cannot use JSX unless the '--jsx' flag is provided.
src/pages/MentalHealth.tsx(2756,21): error TS17004: Cannot use JSX unless the '--jsx' flag is provided.
src/pages/MentalHealth.tsx(2767,19): error TS17004: Cannot use JSX unless the '--jsx' flag is provided.
src/pages/MentalHealth.tsx(2768,21): error TS17004: Cannot use JSX unless the '--jsx' flag is provided.
src/pages/MentalHealth.tsx(2769,23): error TS17004: Cannot use JSX unless the '--jsx' flag is provided.
src/pages/MentalHealth.tsx(2771,21): error TS17004: Cannot use JSX unless the '--jsx' flag is provided.
src/pages/MentalHealth.tsx(2772,21): error TS17004: Cannot use JSX unless the '--jsx' flag is provided.
src/pages/MentalHealth.tsx(2773,21): error TS17004: Cannot use JSX unless the '--jsx' flag is provided.
src/pages/MentalHealth.tsx(2774,23): error TS17004: Cannot use JSX unless the '--jsx' flag is provided.
src/pages/MentalHealth.tsx(2783,21): error TS17004: Cannot use JSX unless the '--jsx' flag is provided.
src/pages/MentalHealth.tsx(2784,23): error TS17004: Cannot use JSX unless the '--jsx' flag is provided.
src/pages/MentalHealth.tsx(2790,23): error TS17004: Cannot use JSX unless the '--jsx' flag is provided.
src/pages/MentalHealth.tsx(2803,19): error TS17004: Cannot use JSX unless the '--jsx' flag is provided.
src/pages/MentalHealth.tsx(2804,21): error TS17004: Cannot use JSX unless the '--jsx' flag is provided.
src/pages/MentalHealth.tsx(2805,23): error TS17004: Cannot use JSX unless the '--jsx' flag is provided.
src/pages/MentalHealth.tsx(2807,21): error TS17004: Cannot use JSX unless the '--jsx' flag is provided.
src/pages/MentalHealth.tsx(2808,21): error TS17004: Cannot use JSX unless the '--jsx' flag is provided.
src/pages/MentalHealth.tsx(2809,21): error TS17004: Cannot use JSX unless the '--jsx' flag is provided.
src/pages/MentalHealth.tsx(2810,23): error TS17004: Cannot use JSX unless the '--jsx' flag is provided.
src/pages/MentalHealth.tsx(2819,21): error TS17004: Cannot use JSX unless the '--jsx' flag is provided.
src/pages/MentalHealth.tsx(2831,19): error TS17004: Cannot use JSX unless the '--jsx' flag is provided.
src/pages/MentalHealth.tsx(2832,21): error TS17004: Cannot use JSX unless the '--jsx' flag is provided.
src/pages/MentalHealth.tsx(2833,23): error TS17004: Cannot use JSX unless the '--jsx' flag is provided.
src/pages/MentalHealth.tsx(2837,25): error TS17004: Cannot use JSX unless the '--jsx' flag is provided.
src/pages/MentalHealth.tsx(2839,23): error TS17004: Cannot use JSX unless the '--jsx' flag is provided.
src/pages/MentalHealth.tsx(2841,21): error TS17004: Cannot use JSX unless the '--jsx' flag is provided.
src/pages/MentalHealth.tsx(2847,21): error TS17004: Cannot use JSX unless the '--jsx' flag is provided.
src/pages/MentalHealth.tsx(2848,23): error TS17004: Cannot use JSX unless the '--jsx' flag is provided.
src/pages/MentalHealth.tsx(2854,23): error TS17004: Cannot use JSX unless the '--jsx' flag is provided.
src/pages/MentalHealth.tsx(2867,19): error TS17004: Cannot use JSX unless the '--jsx' flag is provided.
src/pages/MentalHealth.tsx(2868,21): error TS17004: Cannot use JSX unless the '--jsx' flag is provided.
src/pages/MentalHealth.tsx(2869,23): error TS17004: Cannot use JSX unless the '--jsx' flag is provided.
src/pages/MentalHealth.tsx(2873,25): error TS17004: Cannot use JSX unless the '--jsx' flag is provided.
src/pages/MentalHealth.tsx(2875,23): error TS17004: Cannot use JSX unless the '--jsx' flag is provided.
src/pages/MentalHealth.tsx(2876,51): error TS17004: Cannot use JSX unless the '--jsx' flag is provided.
src/pages/MentalHealth.tsx(2879,21): error TS17004: Cannot use JSX unless the '--jsx' flag is provided.
src/pages/MentalHealth.tsx(2880,21): error TS17004: Cannot use JSX unless the '--jsx' flag is provided.
src/pages/MentalHealth.tsx(2881,23): error TS17004: Cannot use JSX unless the '--jsx' flag is provided.
src/pages/MentalHealth.tsx(2883,25): error TS17004: Cannot use JSX unless the '--jsx' flag is provided.
src/pages/MentalHealth.tsx(2886,21): error TS17004: Cannot use JSX unless the '--jsx' flag is provided.
src/pages/MentalHealth.tsx(2889,21): error TS17004: Cannot use JSX unless the '--jsx' flag is provided.
src/pages/MentalHealth.tsx(2890,23): error TS17004: Cannot use JSX unless the '--jsx' flag is provided.
src/pages/MentalHealth.tsx(2894,25): error TS17004: Cannot use JSX unless the '--jsx' flag is provided.
src/pages/MentalHealth.tsx(2896,23): error TS17004: Cannot use JSX unless the '--jsx' flag is provided.
src/pages/MentalHealth.tsx(2900,25): error TS17004: Cannot use JSX unless the '--jsx' flag is provided.
src/pages/MentalHealth.tsx(2902,23): error TS17004: Cannot use JSX unless the '--jsx' flag is provided.
src/pages/MentalHealth.tsx(2911,50): error TS17004: Cannot use JSX unless the '--jsx' flag is provided.
src/pages/MentalHealth.tsx(2911,52): error TS17004: Cannot use JSX unless the '--jsx' flag is provided.
src/pages/MentalHealth.tsx(2911,95): error TS17004: Cannot use JSX unless the '--jsx' flag is provided.
src/pages/MentalHealth.tsx(2911,97): error TS17004: Cannot use JSX unless the '--jsx' flag is provided.
src/pages/MentalHealth.tsx(2913,23): error TS17004: Cannot use JSX unless the '--jsx' flag is provided.
src/pages/MentalHealth.tsx(2917,25): error TS17004: Cannot use JSX unless the '--jsx' flag is provided.
src/pages/MentalHealth.tsx(2925,19): error TS17004: Cannot use JSX unless the '--jsx' flag is provided.
src/pages/MentalHealth.tsx(2927,21): error TS17004: Cannot use JSX unless the '--jsx' flag is provided.
src/pages/MentalHealth.tsx(2928,23): error TS17004: Cannot use JSX unless the '--jsx' flag is provided.
src/pages/MentalHealth.tsx(2935,25): error TS17004: Cannot use JSX unless the '--jsx' flag is provided.
src/pages/MentalHealth.tsx(2937,23): error TS17004: Cannot use JSX unless the '--jsx' flag is provided.
src/pages/MentalHealth.tsx(2944,25): error TS17004: Cannot use JSX unless the '--jsx' flag is provided.
src/pages/MentalHealth.tsx(2949,23): error TS17004: Cannot use JSX unless the '--jsx' flag is provided.
src/pages/MentalHealth.tsx(2950,25): error TS17004: Cannot use JSX unless the '--jsx' flag is provided.
src/pages/MentalHealth.tsx(2953,23): error TS17004: Cannot use JSX unless the '--jsx' flag is provided.
src/pages/MentalHealth.tsx(2955,27): error TS17004: Cannot use JSX unless the '--jsx' flag is provided.
src/pages/MentalHealth.tsx(2956,29): error TS17004: Cannot use JSX unless the '--jsx' flag is provided.
src/pages/MentalHealth.tsx(2960,29): error TS17004: Cannot use JSX unless the '--jsx' flag is provided.
src/pages/MentalHealth.tsx(2961,31): error TS17004: Cannot use JSX unless the '--jsx' flag is provided.
src/pages/MentalHealth.tsx(2962,33): error TS17004: Cannot use JSX unless the '--jsx' flag is provided.
src/pages/MentalHealth.tsx(2963,47): error TS17004: Cannot use JSX unless the '--jsx' flag is provided.
src/pages/MentalHealth.tsx(2963,78): error TS17004: Cannot use JSX unless the '--jsx' flag is provided.
src/pages/MentalHealth.tsx(2965,33): error TS17004: Cannot use JSX unless the '--jsx' flag is provided.
src/pages/MentalHealth.tsx(2966,35): error TS17004: Cannot use JSX unless the '--jsx' flag is provided.
src/pages/MentalHealth.tsx(2967,35): error TS17004: Cannot use JSX unless the '--jsx' flag is provided.
src/pages/MentalHealth.tsx(2968,37): error TS17004: Cannot use JSX unless the '--jsx' flag is provided.
src/pages/MentalHealth.tsx(2969,53): error TS17004: Cannot use JSX unless the '--jsx' flag is provided.
src/pages/MentalHealth.tsx(2973,31): error TS17004: Cannot use JSX unless the '--jsx' flag is provided.
src/pages/MentalHealth.tsx(2974,33): error TS17004: Cannot use JSX unless the '--jsx' flag is provided.
src/pages/MentalHealth.tsx(2979,35): error TS17004: Cannot use JSX unless the '--jsx' flag is provided.
src/pages/MentalHealth.tsx(2981,33): error TS17004: Cannot use JSX unless the '--jsx' flag is provided.
src/pages/MentalHealth.tsx(2986,35): error TS17004: Cannot use JSX unless the '--jsx' flag is provided.
src/pages/MentalHealth.tsx(2988,33): error TS17004: Cannot use JSX unless the '--jsx' flag is provided.
src/pages/MentalHealth.tsx(2993,47): error TS17004: Cannot use JSX unless the '--jsx' flag is provided.
src/pages/MentalHealth.tsx(2993,80): error TS17004: Cannot use JSX unless the '--jsx' flag is provided.
src/pages/MentalHealth.tsx(2995,33): error TS17004: Cannot use JSX unless the '--jsx' flag is provided.
src/pages/MentalHealth.tsx(3000,35): error TS17004: Cannot use JSX unless the '--jsx' flag is provided.
src/pages/MentalHealth.tsx(3018,7): error TS17004: Cannot use JSX unless the '--jsx' flag is provided.
src/pages/MentalHealth.tsx(3020,11): error TS17004: Cannot use JSX unless the '--jsx' flag is provided.
src/pages/MentalHealth.tsx(3021,13): error TS17004: Cannot use JSX unless the '--jsx' flag is provided.
src/pages/MentalHealth.tsx(3027,15): error TS17004: Cannot use JSX unless the '--jsx' flag is provided.
src/pages/MentalHealth.tsx(3028,17): error TS17004: Cannot use JSX unless the '--jsx' flag is provided.
src/pages/MentalHealth.tsx(3032,19): error TS17004: Cannot use JSX unless the '--jsx' flag is provided.
src/pages/MentalHealth.tsx(3036,19): error TS17004: Cannot use JSX unless the '--jsx' flag is provided.
src/pages/MentalHealth.tsx(3051,19): error TS17004: Cannot use JSX unless the '--jsx' flag is provided.
src/pages/MentalHealth.tsx(3066,19): error TS17004: Cannot use JSX unless the '--jsx' flag is provided.
